Archive member included to satisfy reference by file (symbol)

/n64_toolchain/lib/gcc/mips64-elf/14.2.0/../../../../mips64-elf/lib/libdragon.a(n64sys.o)
                              /libdragon/tiny3d//build/libt3d.a (data_cache_hit_writeback)
/n64_toolchain/lib/gcc/mips64-elf/14.2.0/../../../../mips64-elf/lib/libdragon.a(interrupt.o)
                              /n64_toolchain/lib/gcc/mips64-elf/14.2.0/../../../../mips64-elf/lib/libdragon.a(n64sys.o) (disable_interrupts)
/n64_toolchain/lib/gcc/mips64-elf/14.2.0/../../../../mips64-elf/lib/libdragon.a(fmath.o)
                              /libdragon/tiny3d//build/libt3d.a (fm_sinf)
/n64_toolchain/lib/gcc/mips64-elf/14.2.0/../../../../mips64-elf/lib/libdragon.a(entrypoint.o)
                              (_start)
/n64_toolchain/lib/gcc/mips64-elf/14.2.0/../../../../mips64-elf/lib/libdragon.a(debug.o)
                              build/src/main.o (debug_init_usblog)
/n64_toolchain/lib/gcc/mips64-elf/14.2.0/../../../../mips64-elf/lib/libdragon.a(usb.o)
                              /n64_toolchain/lib/gcc/mips64-elf/14.2.0/../../../../mips64-elf/lib/libdragon.a(debug.o) (usb_write)
/n64_toolchain/lib/gcc/mips64-elf/14.2.0/../../../../mips64-elf/lib/libdragon.a(cart.o)
                              /n64_toolchain/lib/gcc/mips64-elf/14.2.0/../../../../mips64-elf/lib/libdragon.a(debug.o) (cart_init)
/n64_toolchain/lib/gcc/mips64-elf/14.2.0/../../../../mips64-elf/lib/libdragon.a(ff.o)
                              /n64_toolchain/lib/gcc/mips64-elf/14.2.0/../../../../mips64-elf/lib/libdragon.a(debug.o) (f_mount)
/n64_toolchain/lib/gcc/mips64-elf/14.2.0/../../../../mips64-elf/lib/libdragon.a(ffunicode.o)
                              /n64_toolchain/lib/gcc/mips64-elf/14.2.0/../../../../mips64-elf/lib/libdragon.a(ff.o) (ff_uni2oem)
/n64_toolchain/lib/gcc/mips64-elf/14.2.0/../../../../mips64-elf/lib/libdragon.a(fat.o)
                              /n64_toolchain/lib/gcc/mips64-elf/14.2.0/../../../../mips64-elf/lib/libdragon.a(ff.o) (disk_initialize)
/n64_toolchain/lib/gcc/mips64-elf/14.2.0/../../../../mips64-elf/lib/libdragon.a(dragonfs.o)
                              build/src/main.o (dfs_init)
/n64_toolchain/lib/gcc/mips64-elf/14.2.0/../../../../mips64-elf/lib/libdragon.a(audio.o)
                              build/src/main.o (audio_init)
/n64_toolchain/lib/gcc/mips64-elf/14.2.0/../../../../mips64-elf/lib/libdragon.a(display.o)
                              build/src/main.o (display_init)
/n64_toolchain/lib/gcc/mips64-elf/14.2.0/../../../../mips64-elf/lib/libdragon.a(surface.o)
                              /n64_toolchain/lib/gcc/mips64-elf/14.2.0/../../../../mips64-elf/lib/libdragon.a(display.o) (surface_alloc)
/n64_toolchain/lib/gcc/mips64-elf/14.2.0/../../../../mips64-elf/lib/libdragon.a(asset.o)
                              build/src/main.o (__asset_init_compression_lvl2)
/n64_toolchain/lib/gcc/mips64-elf/14.2.0/../../../../mips64-elf/lib/libdragon.a(lz4_dec.o)
                              /n64_toolchain/lib/gcc/mips64-elf/14.2.0/../../../../mips64-elf/lib/libdragon.a(asset.o) (decompress_lz4_full_inplace)
/n64_toolchain/lib/gcc/mips64-elf/14.2.0/../../../../mips64-elf/lib/libdragon.a(lz4_dec_fast.o)
                              /n64_toolchain/lib/gcc/mips64-elf/14.2.0/../../../../mips64-elf/lib/libdragon.a(lz4_dec.o) (decompress_lz4_full_fast)
/n64_toolchain/lib/gcc/mips64-elf/14.2.0/../../../../mips64-elf/lib/libdragon.a(ringbuf.o)
                              /n64_toolchain/lib/gcc/mips64-elf/14.2.0/../../../../mips64-elf/lib/libdragon.a(lz4_dec.o) (__ringbuf_init)
/n64_toolchain/lib/gcc/mips64-elf/14.2.0/../../../../mips64-elf/lib/libdragon.a(aplib_dec.o)
                              /n64_toolchain/lib/gcc/mips64-elf/14.2.0/../../../../mips64-elf/lib/libdragon.a(asset.o) (decompress_aplib_init)
/n64_toolchain/lib/gcc/mips64-elf/14.2.0/../../../../mips64-elf/lib/libdragon.a(shrinkler_dec.o)
                              /n64_toolchain/lib/gcc/mips64-elf/14.2.0/../../../../mips64-elf/lib/libdragon.a(asset.o) (decompress_shrinkler_full_inplace)
/n64_toolchain/lib/gcc/mips64-elf/14.2.0/../../../../mips64-elf/lib/libdragon.a(joypad.o)
                              build/src/main.o (joypad_init)
/n64_toolchain/lib/gcc/mips64-elf/14.2.0/../../../../mips64-elf/lib/libdragon.a(joypad_accessory.o)
                              /n64_toolchain/lib/gcc/mips64-elf/14.2.0/../../../../mips64-elf/lib/libdragon.a(joypad.o) (joypad_accessory_reset)
/n64_toolchain/lib/gcc/mips64-elf/14.2.0/../../../../mips64-elf/lib/libdragon.a(rsp.o)
                              /n64_toolchain/lib/gcc/mips64-elf/14.2.0/../../../../mips64-elf/lib/libdragon.a(display.o) (__rsp_crash)
/n64_toolchain/lib/gcc/mips64-elf/14.2.0/../../../../mips64-elf/lib/libdragon.a(rsp_crash.o)
                              /n64_toolchain/lib/gcc/mips64-elf/14.2.0/../../../../mips64-elf/lib/libdragon.a(rsp.o) (rsp_crash_data_start)
[...]
Memory Configuration

Name             Origin             Length             Attributes
*default*        0x00000000         0xffffffff

Linker script and memory map

LOAD /n64_toolchain/lib/gcc/mips64-elf/14.2.0/crti.o
LOAD /n64_toolchain/lib/gcc/mips64-elf/14.2.0/crtbegin.o
LOAD build/src/asteroid.o
LOAD build/src/audio.o
LOAD build/src/camera.o
LOAD build/src/debug.o
LOAD build/src/entity.o
LOAD build/src/main.o
LOAD build/src/utils.o
LOAD /libdragon/tiny3d//build/libt3d.a
LOAD /n64_toolchain/lib/gcc/mips64-elf/14.2.0/../../../../mips64-elf/lib/libdragon.a
LOAD /n64_toolchain/lib/gcc/mips64-elf/14.2.0/../../../../mips64-elf/lib/libm.a
LOAD /n64_toolchain/lib/gcc/mips64-elf/14.2.0/../../../../mips64-elf/lib/libdragonsys.a

.intvectors     0x80000000      0x188
                0x80000000                        . = ALIGN (0x20)
 *(.intvectors)
 .intvectors    0x80000000      0x188 /n64_toolchain/lib/gcc/mips64-elf/14.2.0/../../../../mips64-elf/lib/libdragon.a(inthandler.o)
                0x80000188                        __intvectors_end = .

.text           0x80000400    0x3f930
                0x80000400                        __text_start = .
 *(.boot)
 .boot          0x80000400       0x74 /n64_toolchain/lib/gcc/mips64-elf/14.2.0/../../../../mips64-elf/lib/libdragon.a(entrypoint.o)
                0x80000400                _start
                0x80000480                        . = ALIGN (0x10)
 *fill*         0x80000474        0xc 
 *(.text)
 .text          0x80000480      0x400 /n64_toolchain/lib/gcc/mips64-elf/14.2.0/../../../../mips64-elf/lib/libdragon.a(inthandler.o)
                0x80000480                inthandler
                0x80000880                inthandler_end
 .text          0x80000880       0x80 /n64_toolchain/lib/gcc/mips64-elf/14.2.0/../../../../mips64-elf/lib/libm.a(libm_a-wf_fmod.o)
                0x80000880                fmodf
 .text          0x80000900      0x110 /n64_toolchain/lib/gcc/mips64-elf/14.2.0/../../../../mips64-elf/lib/libm.a(libm_a-sf_ceil.o)
                0x80000900                ceilf
 .text          0x80000a10      0x110 /n64_toolchain/lib/gcc/mips64-elf/14.2.0/../../../../mips64-elf/lib/libm.a(libm_a-sf_floor.o)
                0x80000a10                floorf
 .text          0x80000b20      0x2b8 /n64_toolchain/lib/gcc/mips64-elf/14.2.0/../../../../mips64-elf/lib/libm.a(libm_a-ef_fmod.o)
                0x80000b20                __ieee754_fmodf
 .text          0x80000dd8       0xe8 /n64_toolchain/lib/gcc/mips64-elf/14.2.0/../../../../mips64-elf/lib/libm.a(libm_a-sf_cos.o)
                0x80000dd8                cosf
 .text          0x80000ec0        0x8 /n64_toolchain/lib/gcc/mips64-elf/14.2.0/../../../../mips64-elf/lib/libm.a(libm_a-wf_atan2.o)
                0x80000ec0                atan2f
 .text          0x80000ec8       0x80 /n64_toolchain/lib/gcc/mips64-elf/14.2.0/../../../../mips64-elf/lib/libm.a(libm_a-sf_tan.o)
                0x80000ec8                tanf
 .text          0x80000f48      0x190 /n64_toolchain/lib/gcc/mips64-elf/14.2.0/../../../../mips64-elf/lib/libm.a(libm_a-kf_cos.o)
                0x80000f48                __kernel_cosf
 .text          0x800010d8       0xe8 /n64_toolchain/lib/gcc/mips64-elf/14.2.0/../../../../mips64-elf/lib/libm.a(libm_a-sf_sin.o)
                0x800010d8                sinf
 .text          0x800011c0       0x98 /n64_toolchain/lib/gcc/mips64-elf/14.2.0/../../../../mips64-elf/lib/libm.a(libm_a-sf_round.o)
                0x800011c0                roundf
 .text          0x80001258      0x1c0 /n64_toolchain/lib/gcc/mips64-elf/14.2.0/../../../../mips64-elf/lib/libm.a(libm_a-s_floor.o)
                0x80001258                floor
 .text          0x80001418      0x218 /n64_toolchain/lib/gcc/mips64-elf/14.2.0/../../../../mips64-elf/lib/libm.a(libm_a-ef_atan2.o)
                0x80001418                __ieee754_atan2f
 .text          0x80001630      0x2b8 /n64_toolchain/lib/gcc/mips64-elf/14.2.0/../../../../mips64-elf/lib/libm.a(libm_a-sf_atan.o)
                0x80001630                atanf
 .text          0x800018e8       0xd0 /n64_toolchain/lib/gcc/mips64-elf/14.2.0/../../../../mips64-elf/lib/libm.a(libm_a-kf_sin.o)
                0x800018e8                __kernel_sinf
 .text          0x800019b8      0x370 /n64_toolchain/lib/gcc/mips64-elf/14.2.0/../../../../mips64-elf/lib/libm.a(libm_a-ef_rem_pio2.o)
                0x800019b8                __ieee754_rem_pio2f
 .text          0x80001d28      0x2b0 /n64_toolchain/lib/gcc/mips64-elf/14.2.0/../../../../mips64-elf/lib/libm.a(libm_a-kf_tan.o)
                0x80001d28                __kernel_tanf
 .text          0x80001fd8       0x20 /n64_toolchain/lib/gcc/mips64-elf/14.2.0/../../../../mips64-elf/lib/libm.a(libm_a-sf_fabs.o)
                0x80001fd8                fabsf
 .text          0x80001ff8      0x9a0 /n64_toolchain/lib/gcc/mips64-elf/14.2.0/../../../../mips64-elf/lib/libm.a(libm_a-kf_rem_pio2.o)
                0x80001ff8                __kernel_rem_pio2f
 .text          0x80002998      0x188 /n64_toolchain/lib/gcc/mips64-elf/14.2.0/../../../../mips64-elf/lib/libm.a(libm_a-sf_scalbn.o)
                0x80002998                scalbnf
 .text          0x80002b20       0x58 /n64_toolchain/lib/gcc/mips64-elf/14.2.0/../../../../mips64-elf/lib/libc.a(libc_a-rand.o)
                0x80002b20                srand
                0x80002b38                rand
 .text          0x80002b78      0x168 /n64_toolchain/lib/gcc/mips64-elf/14.2.0/../../../../mips64-elf/lib/libc.a(libc_a-vasnprintf.o)
                0x80002b78                _vasnprintf_r
                0x80002c28                vasnprintf
 .text          0x80002ce0      0xb00 /n64_toolchain/lib/gcc/mips64-elf/14.2.0/../../../../mips64-elf/lib/libc.a(libc_a-qsort.o)
                0x80002ce0                qsort
 .text          0x800037e0     0x2a08 /n64_toolchain/lib/gcc/mips64-elf/14.2.0/../../../../mips64-elf/lib/libc.a(libc_a-vfprintf.o)
                0x800037e0                _vfprintf_r
                0x800060d0                vfprintf
 .text          0x800061e8      0x11c /n64_toolchain/lib/gcc/mips64-elf/14.2.0/../../../../mips64-elf/lib/libc.a(libc_a-memset.o)
                0x800061e8                memset
 *fill*         0x80006304        0x4 
 .text          0x80006308      0x188 /n64_toolchain/lib/gcc/mips64-elf/14.2.0/../../../../mips64-elf/lib/libc.a(libc_a-strchr.o)
                0x80006308                strchr
 .text          0x80006490     0x2718 /n64_toolchain/lib/gcc/mips64-elf/14.2.0/../../../../mips64-elf/lib/libc.a(libc_a-svfprintf.o)
                0x80006490                _svfprintf_r
 .text          0x80008ba8      0xbb8 /n64_toolchain/lib/gcc/mips64-elf/14.2.0/../../../../mips64-elf/lib/libc.a(libc_a-strstr.o)
                0x80009460                strstr
 .text          0x80009760       0x30 /n64_toolchain/lib/gcc/mips64-elf/14.2.0/../../../../mips64-elf/lib/libc.a(libc_a-vprintf.o)
                0x80009760                vprintf
                0x80009778                _vprintf_r
 .text          0x80009790      0x458 /n64_toolchain/lib/gcc/mips64-elf/14.2.0/../../../../mips64-elf/lib/libc.a(libc_a-fflush.o)
                0x80009790                __sflush_r
                0x800099e8                _fflush_r
                0x80009af0                fflush
 .text          0x80009be8      0x2f0 /n64_toolchain/lib/gcc/mips64-elf/14.2.0/../../../../mips64-elf/lib/libc.a(libc_a-setvbuf.o)
                0x80009be8                setvbuf
 .text          0x80009ed8       0x90 /n64_toolchain/lib/gcc/mips64-elf/14.2.0/../../../../mips64-elf/lib/libc.a(libc_a-stpcpy.o)
                0x80009ed8                stpcpy
 .text          0x80009f68      0x168 /n64_toolchain/lib/gcc/mips64-elf/14.2.0/../../../../mips64-elf/lib/libc.a(libc_a-memmove.o)
                0x80009f68                memmove
 .text          0x8000a0d0       0x18 /n64_toolchain/lib/gcc/mips64-elf/14.2.0/../../../../mips64-elf/lib/libc.a(libc_a-calloc.o)
                0x8000a0d0                calloc
 .text          0x8000a0e8        0x8 /n64_toolchain/lib/gcc/mips64-elf/14.2.0/../../../../mips64-elf/lib/libc.a(libc_a-errno.o)
                0x8000a0e8                __errno
 .text          0x8000a0f0      0x240 /n64_toolchain/lib/gcc/mips64-elf/14.2.0/../../../../mips64-elf/lib/libc.a(libc_a-strcmp.o)
                0x8000a0f0                strcmp
 .text          0x8000a330       0x18 /n64_toolchain/lib/gcc/mips64-elf/14.2.0/../../../../mips64-elf/lib/libc.a(libc_a-abort.o)
                0x8000a330                abort
 .text          0x8000a348      0x120 /n64_toolchain/lib/gcc/mips64-elf/14.2.0/../../../../mips64-elf/lib/libc.a(libc_a-callocr.o)
                0x8000a348                _calloc_r
 .text          0x8000a468      0x190 /n64_toolchain/lib/gcc/mips64-elf/14.2.0/../../../../mips64-elf/lib/libc.a(libc_a-fputc.o)
                0x8000a468                _fputc_r
                0x8000a530                fputc
 .text          0x8000a5f8       0x18 /n64_toolchain/lib/gcc/mips64-elf/14.2.0/../../../../mips64-elf/lib/libc.a(libc_a-realloc.o)
                0x8000a5f8                realloc
 .text          0x8000a610       0xc0 /n64_toolchain/lib/gcc/mips64-elf/14.2.0/../../../../mips64-elf/lib/libc.a(libc_a-mstats.o)
                0x8000a610                mallinfo
                0x8000a640                malloc_stats
                0x8000a648                mallopt
                0x8000a660                _mstats_r
                0x8000a698                mstats
 .text          0x8000a6d0      0x8c8 /n64_toolchain/lib/gcc/mips64-elf/14.2.0/../../../../mips64-elf/lib/libc.a(libc_a-mallocr.o)
                0x8000a6d0                _malloc_r
 .text          0x8000af98       0x20 /n64_toolchain/lib/gcc/mips64-elf/14.2.0/../../../../mips64-elf/lib/libc.a(libc_a-putchar.o)
                0x8000af98                _putchar_r
                0x8000afa0                putchar
 .text          0x8000afb8       0x98 /n64_toolchain/lib/gcc/mips64-elf/14.2.0/../../../../mips64-elf/lib/libc.a(libc_a-strcat.o)
                0x8000afb8                strcat
 .text          0x8000b050     0x1810 /n64_toolchain/lib/gcc/mips64-elf/14.2.0/../../../../mips64-elf/lib/libc.a(libc_a-dtoa.o)
                0x8000b2a0                _dtoa_r
 .text          0x8000c860      0x1e0 /n64_toolchain/lib/gcc/mips64-elf/14.2.0/../../../../mips64-elf/lib/libc.a(libc_a-wsetup.o)
                0x8000c860                __swsetup_r
 .text          0x8000ca40      0x470 /n64_toolchain/lib/gcc/mips64-elf/14.2.0/../../../../mips64-elf/lib/libc.a(libc_a-freer.o)
                0x8000ca40                _malloc_trim_r
                0x8000cb80                _free_r
 .text          0x8000ceb0       0x80 /n64_toolchain/lib/gcc/mips64-elf/14.2.0/../../../../mips64-elf/lib/libc.a(libc_a-memcmp.o)
                0x8000ceb0                memcmp
 .text          0x8000cf30      0x1b0 /n64_toolchain/lib/gcc/mips64-elf/14.2.0/../../../../mips64-elf/lib/libc.a(libc_a-fclose.o)
                0x8000cf30                _fclose_r
                0x8000d0d0                fclose
 .text          0x8000d0e0       0x70 /n64_toolchain/lib/gcc/mips64-elf/14.2.0/../../../../mips64-elf/lib/libc.a(libc_a-strrchr.o)
                0x8000d0e0                strrchr
 .text          0x8000d150      0x1c8 /n64_toolchain/lib/gcc/mips64-elf/14.2.0/../../../../mips64-elf/lib/libc.a(libc_a-snprintf.o)
                0x8000d150                _snprintf_r
                0x8000d230                snprintf
 .text          0x8000d318       0xa8 /n64_toolchain/lib/gcc/mips64-elf/14.2.0/../../../../mips64-elf/lib/libc.a(libc_a-strcpy.o)
                0x8000d318                strcpy
 .text          0x8000d3c0       0x20 /n64_toolchain/lib/gcc/mips64-elf/14.2.0/../../../../mips64-elf/lib/libc.a(libc_a-malloc.o)
                0x8000d3c0                malloc
                0x8000d3d0                free
 .text          0x8000d3e0      0x240 /n64_toolchain/lib/gcc/mips64-elf/14.2.0/../../../../mips64-elf/lib/libc.a(libc_a-putc.o)
                0x8000d3e0                _putc_r
                0x8000d4f0                putc
 .text          0x8000d620      0x190 /n64_toolchain/lib/gcc/mips64-elf/14.2.0/../../../../mips64-elf/lib/libc.a(libc_a-stdio.o)
                0x8000d620                __sread
                0x8000d678                __seofread
                0x8000d680                __swrite
                0x8000d740                __sseek
                0x8000d7a8                __sclose
 .text          0x8000d7b0       0x68 /n64_toolchain/lib/gcc/mips64-elf/14.2.0/../../../../mips64-elf/lib/libc.a(libc_a-fprintf.o)
                0x8000d7b0                _fprintf_r
                0x8000d7d8                fprintf
 .text          0x8000d818       0x18 /n64_toolchain/lib/gcc/mips64-elf/14.2.0/../../../../mips64-elf/lib/libc.a(libc_a-strlen.o)
                0x8000d818                strlen
 .text          0x8000d830      0x1d0 /n64_toolchain/lib/gcc/mips64-elf/14.2.0/../../../../mips64-elf/lib/libc.a(libc_a-wbuf.o)
                0x8000d830                __swbuf_r
                0x8000d9e8                __swbuf
 .text          0x8000da00      0x600 /n64_toolchain/lib/gcc/mips64-elf/14.2.0/../../../../mips64-elf/lib/libc.a(libc_a-reallocr.o)
                0x8000da00                _realloc_r
 .text          0x8000e000       0x60 /n64_toolchain/lib/gcc/mips64-elf/14.2.0/../../../../mips64-elf/lib/libc.a(libc_a-writer.o)
                0x8000e000                _write_r
 .text          0x8000e060      0x460 /n64_toolchain/lib/gcc/mips64-elf/14.2.0/../../../../mips64-elf/lib/libc.a(libc_a-strerror.o)
                0x8000e060                _strerror_r
                0x8000e490                strerror
                0x8000e4a8                strerror_l
 .text          0x8000e4c0       0x58 /n64_toolchain/lib/gcc/mips64-elf/14.2.0/../../../../mips64-elf/lib/libc.a(libc_a-fstatr.o)
                0x8000e4c0                _fstat_r
 .text          0x8000e518      0x250 /n64_toolchain/lib/gcc/mips64-elf/14.2.0/../../../../mips64-elf/lib/libc.a(libc_a-fwrite.o)
                0x8000e518                _fwrite_r
                0x8000e738                fwrite
 .text          0x8000e768       0x20 /n64_toolchain/lib/gcc/mips64-elf/14.2.0/../../../../mips64-elf/lib/libc.a(libc_a-mlock.o)
                0x8000e768                __malloc_lock
                0x8000e778                __malloc_unlock
 .text          0x8000e788      0x510 /n64_toolchain/lib/gcc/mips64-elf/14.2.0/../../../../mips64-elf/lib/libc.a(libc_a-findfp.o)
                0x8000ea20                __sfp
                0x8000eb90                __sinit
                0x8000ec08                __sfp_lock_acquire
                0x8000ec18                __sfp_lock_release
                0x8000ec28                __fp_lock_all
                0x8000ec60                __fp_unlock_all
 .text          0x8000ec98      0x1a8 /n64_toolchain/lib/gcc/mips64-elf/14.2.0/../../../../mips64-elf/lib/libc.a(libc_a-puts.o)
                0x8000ec98                _puts_r
                0x8000ee30                puts
 .text          0x8000ee40      0x508 /n64_toolchain/lib/gcc/mips64-elf/14.2.0/../../../../mips64-elf/lib/libc.a(libc_a-fvwrite.o)
                0x8000ee40                __sfvwrite_r
 .text          0x8000f348       0xf0 /n64_toolchain/lib/gcc/mips64-elf/14.2.0/../../../../mips64-elf/lib/libc.a(libc_a-memchr.o)
                0x8000f348                memchr
 .text          0x8000f438       0xc8 /n64_toolchain/lib/gcc/mips64-elf/14.2.0/../../../../mips64-elf/lib/libc.a(libc_a-ssprint_r.o)
                0x8000f438                __ssprint_r
 .text          0x8000f500      0x370 /n64_toolchain/lib/gcc/mips64-elf/14.2.0/../../../../mips64-elf/lib/libc.a(libc_a-memcpy.o)
                0x8000f500                memcpy
 .text          0x8000f870       0xe0 /n64_toolchain/lib/gcc/mips64-elf/14.2.0/../../../../mips64-elf/lib/libc.a(libc_a-sprintf.o)
                0x8000f870                _sprintf_r
                0x8000f8d8                sprintf
 .text          0x8000f950       0x40 /n64_toolchain/lib/gcc/mips64-elf/14.2.0/../../../../mips64-elf/lib/libc.a(libc_a-strnlen.o)
                0x8000f950                strnlen
 .text          0x8000f990      0x170 /n64_toolchain/lib/gcc/mips64-elf/14.2.0/../../../../mips64-elf/lib/libc.a(libc_a-mallinfor.o)
                0x8000f990                __malloc_update_mallinfo
                0x8000fa18                _mallinfo_r
 .text          0x8000fb00       0x78 /n64_toolchain/lib/gcc/mips64-elf/14.2.0/../../../../mips64-elf/lib/libc.a(libc_a-printf.o)
                0x8000fb00                _printf_r
                0x8000fb38                printf
 .text          0x8000fb78       0x50 /n64_toolchain/lib/gcc/mips64-elf/14.2.0/../../../../mips64-elf/lib/libc.a(libc_a-sbrkr.o)
                0x8000fb78                _sbrk_r
 .text          0x8000fbc8       0x50 /n64_toolchain/lib/gcc/mips64-elf/14.2.0/../../../../mips64-elf/lib/libc.a(libc_a-closer.o)
                0x8000fbc8                _close_r
 .text          0x8000fc18       0x18 /n64_toolchain/lib/gcc/mips64-elf/14.2.0/../../../../mips64-elf/lib/libc.a(libc_a-malign.o)
                0x8000fc18                memalign
 .text          0x8000fc30      0x598 /n64_toolchain/lib/gcc/mips64-elf/14.2.0/../../../../mips64-elf/lib/libc.a(libc_a-signal.o)
                0x8000fc30                _init_signal_r
                0x8000fc98                _signal_r
                0x8000fd48                _raise_r
                0x8000fe00                __sigtramp_r
                0x8000fef0                raise
                0x8000ffb8                signal
                0x80010070                _init_signal
                0x800100e0                __sigtramp
 .text          0x800101c8       0x40 /n64_toolchain/lib/gcc/mips64-elf/14.2.0/../../../../mips64-elf/lib/libc.a(libc_a-sprint_r.o)
                0x800101c8                __sprint_r
 .text          0x80010208     0x1480 /n64_toolchain/lib/gcc/mips64-elf/14.2.0/../../../../mips64-elf/lib/libc.a(libc_a-mprec.o)
                0x80010208                _Balloc
                0x800102b8                _Bfree
                0x800102e8                __multadd
                0x80010440                __s2b
                0x800105c0                __hi0bits
                0x80010668                __lo0bits
                0x80010780                __i2b
                0x80010858                __multiply
                0x80010ae0                __pow5mult
                0x80010c48                __lshift
                0x80010e00                __mcmp
                0x80010e68                __mdiff
                0x800110e0                __ulp
                0x80011190                __b2d
                0x80011328                __d2b
                0x80011480                __ratio
                0x80011540                _mprec_log10
                0x80011580                __copybits
                0x80011608                __any_on
 .text          0x80011688       0xc0 /n64_toolchain/lib/gcc/mips64-elf/14.2.0/../../../../mips64-elf/lib/libc.a(libc_a-fwalk.o)
                0x80011688                _fwalk_sglue
 .text          0x80011748       0x28 /n64_toolchain/lib/gcc/mips64-elf/14.2.0/../../../../mips64-elf/lib/libc.a(libc_a-localeconv.o)
                0x80011748                __localeconv_l
                0x80011750                _localeconv_r
                0x80011760                localeconv
 .text          0x80011770      0x230 /n64_toolchain/lib/gcc/mips64-elf/14.2.0/../../../../mips64-elf/lib/libc.a(libc_a-makebuf.o)
                0x80011770                __smakebuf_r
                0x800118f0                __swhatbuf_r
 .text          0x800119a0       0xf8 /n64_toolchain/lib/gcc/mips64-elf/14.2.0/../../../../mips64-elf/lib/libc.a(libc_a-malloptr.o)
                0x800119a0                _mallopt_r
 .text          0x80011a98       0xa0 /n64_toolchain/lib/gcc/mips64-elf/14.2.0/../../../../mips64-elf/lib/libc.a(libc_a-mallstatsr.o)
                0x80011a98                _malloc_stats_r
 .text          0x80011b38       0x60 /n64_toolchain/lib/gcc/mips64-elf/14.2.0/../../../../mips64-elf/lib/libc.a(libc_a-signalr.o)
                0x80011b38                _kill_r
                0x80011b90                _getpid_r
 .text          0x80011b98       0x70 /n64_toolchain/lib/gcc/mips64-elf/14.2.0/../../../../mips64-elf/lib/libc.a(libc_a-mbtowc_r.o)
                0x80011b98                _mbtowc_r
                0x80011ba8                __ascii_mbtowc
 .text          0x80011c08        0x8 /n64_toolchain/lib/gcc/mips64-elf/14.2.0/../../../../mips64-elf/lib/libc.a(libc_a-u_strerr.o)
                0x80011c08                _user_strerror
 .text          0x80011c10      0x188 /n64_toolchain/lib/gcc/mips64-elf/14.2.0/../../../../mips64-elf/lib/libc.a(libc_a-ssputs_r.o)
                0x80011c10                __ssputs_r
 .text          0x80011d98       0x60 /n64_toolchain/lib/gcc/mips64-elf/14.2.0/../../../../mips64-elf/lib/libc.a(libc_a-readr.o)
                0x80011d98                _read_r
 .text          0x80011df8       0x68 /n64_toolchain/lib/gcc/mips64-elf/14.2.0/../../../../mips64-elf/lib/libc.a(libc_a-fiprintf.o)
                0x80011df8                _fiprintf_r
                0x80011e20                fiprintf
 .text          0x80011e60      0x200 /n64_toolchain/lib/gcc/mips64-elf/14.2.0/../../../../mips64-elf/lib/libc.a(libc_a-malignr.o)
                0x80011e60                _memalign_r
 .text          0x80012060       0x48 /n64_toolchain/lib/gcc/mips64-elf/14.2.0/../../../../mips64-elf/lib/libc.a(libc_a-wctomb_r.o)
                0x80012060                _wctomb_r
                0x80012070                __ascii_wctomb
 .text          0x800120a8       0x60 /n64_toolchain/lib/gcc/mips64-elf/14.2.0/../../../../mips64-elf/lib/libc.a(libc_a-lseekr.o)
                0x800120a8                _lseek_r
 .text          0x80012108       0x50 /n64_toolchain/lib/gcc/mips64-elf/14.2.0/../../../../mips64-elf/lib/libc.a(libc_a-isattyr.o)
                0x80012108                _isatty_r
 .text          0x80012158     0x1500 /n64_toolchain/lib/gcc/mips64-elf/14.2.0/../../../../mips64-elf/lib/libc.a(libc_a-vfiprintf.o)
                0x80012158                _vfiprintf_r
                0x80013540                vfiprintf
 .text          0x80013658     0x1de8 /n64_toolchain/lib/gcc/mips64-elf/14.2.0/libgcc.a(unwind-dw2-fde.o)
                0x80014f78                __register_frame_info_bases
                0x80014fc0                __register_frame_info
                0x80015008                __register_frame
                0x80015078                __register_frame_info_table_bases
                0x800150a8                __register_frame_info_table
                0x800150d8                __register_frame_table
                0x80015130                __deregister_frame_info_bases
                0x80015218                __deregister_frame_info
                0x80015220                __deregister_frame
                0x80015258                _Unwind_Find_FDE
 *(.text.*)
 .text.reset_entity
                0x80015440      0x360 build/src/asteroid.o
                0x80015440                reset_entity
 .text.move_entity
                0x800157a0      0x1e0 build/src/asteroid.o
                0x800157a0                move_entity
 .text.update_asteroids
                0x80015980       0x80 build/src/asteroid.o
                0x80015980                update_asteroids
 .text.update_resources
                0x80015a00       0x80 build/src/asteroid.o
                0x80015a00                update_resources
 .text.init_asteroids
                0x80015a80      0x200 build/src/asteroid.o
                0x80015a80                init_asteroids
 .text.init_resources
                0x80015c80      0x1e0 build/src/asteroid.o
                0x80015c80                init_resources
 .text.play_sfx
                0x80015e60       0x40 build/src/audio.o
                0x80015e60                play_sfx
 .text.play_bgm
                0x80015ea0       0x60 build/src/audio.o
                0x80015ea0                play_bgm
 .text.set_bgm_volume
                0x80015f00       0x20 build/src/audio.o
                0x80015f00                set_bgm_volume
 .text.update_audio
                0x80015f20       0x60 build/src/audio.o
                0x80015f20                update_audio
 .text.teleport_to_position
                0x80015f80       0x40 build/src/camera.o
                0x80015f80                teleport_to_position
 .text.update_camera
                0x80015fc0      0x340 build/src/camera.o
                0x80015fc0                update_camera
 .text.reset_fps_stats
                0x80016300       0x20 build/src/debug.o
                0x80016300                reset_fps_stats
 .text.update_fps_stats
                0x80016320       0x80 build/src/debug.o
                0x80016320                update_fps_stats
 .text.render_debug_ui
                0x800163a0      0x2a0 build/src/debug.o
                0x800163a0                render_debug_ui
 .text.create_entity
                0x80016640      0x100 build/src/entity.o
                0x80016640                create_entity
 .text.update_entity_matrices
                0x80016740       0xa0 build/src/entity.o
                0x80016740                update_entity_matrices
 .text.rotate_entity
                0x800167e0       0x40 build/src/entity.o
                0x800167e0                rotate_entity
 .text.draw_entity
                0x80016820       0xe0 build/src/entity.o
                0x80016820                draw_entity
 .text.check_entity_intersection
                0x80016900       0x80 build/src/entity.o
                0x80016900                check_entity_intersection
 .text.start_entity_color_flash.constprop.0
                0x80016980       0xe0 build/src/main.o
 .text.draw_entities_culled
                0x80016a60      0x1e0 build/src/main.o
 .text.draw_entity_health_bar.constprop.0
                0x80016c40      0x220 build/src/main.o
 .text.check_cursor_station_collision
                0x80016e60       0x60 build/src/main.o
                0x80016e60                check_cursor_station_collision
 .text.startup.main
                0x80016ec0     0x14e0 build/src/main.o
                0x80016ec0                main
 .text.t3d_vec3_cross
                0x800183a0       0x54 /libdragon/tiny3d//build/libt3d.a
 .text.t3d_vec3_norm
                0x800183f4       0x54 /libdragon/tiny3d//build/libt3d.a
 .text.t3d_mat4_look_at
                0x80018448      0x130 /libdragon/tiny3d//build/libt3d.a
                0x80018448                t3d_mat4_look_at
 .text.t3d_mat4_to_frustum
                0x80018578       0xb4 /libdragon/tiny3d//build/libt3d.a
                0x80018578                t3d_mat4_to_frustum
 .text.t3d_mat4_perspective
                0x8001862c       0xb4 /libdragon/tiny3d//build/libt3d.a
                0x8001862c                t3d_mat4_perspective
 .text.t3d_mat4_to_fixed
                0x800186e0       0xbc /libdragon/tiny3d//build/libt3d.a
                0x800186e0                t3d_mat4_to_fixed
 .text.t3d_mat4_to_fixed_3x4
                0x8001879c       0xa8 /libdragon/tiny3d//build/libt3d.a
                0x8001879c                t3d_mat4_to_fixed_3x4
 .text.t3d_mat4_from_srt_euler
                0x80018844      0x17c /libdragon/tiny3d//build/libt3d.a
                0x80018844                t3d_mat4_from_srt_euler
 .text.t3d_mat4fp_from_srt_euler
                0x800189c0       0x34 /libdragon/tiny3d//build/libt3d.a
                0x800189c0                t3d_mat4fp_from_srt_euler
 .text.t3d_mat4_mul
                0x800189f4       0x70 /libdragon/tiny3d//build/libt3d.a
 .text.t3d_matrix_stack
                0x80018a64       0x6c /libdragon/tiny3d//build/libt3d.a
 .text.t3d_dmem_set_u16
                0x80018ad0       0x48 /libdragon/tiny3d//build/libt3d.a
 .text.t3d_dmem_set_u32
                0x80018b18       0x44 /libdragon/tiny3d//build/libt3d.a
 .text.t3d_init
                0x80018b5c       0xc0 /libdragon/tiny3d//build/libt3d.a
                0x80018b5c                t3d_init
 .text.t3d_screen_clear_depth
                0x80018c1c       0x24 /libdragon/tiny3d//build/libt3d.a
                0x80018c1c                t3d_screen_clear_depth
 .text.t3d_matrix_set
                0x80018c40       0x10 /libdragon/tiny3d//build/libt3d.a
                0x80018c40                t3d_matrix_set
 .text.t3d_matrix_push
                0x80018c50       0x10 /libdragon/tiny3d//build/libt3d.a
                0x80018c50                t3d_matrix_push
 .text.t3d_matrix_pop
                0x80018c60       0x18 /libdragon/tiny3d//build/libt3d.a
                0x80018c60                t3d_matrix_pop
 .text.t3d_matrix_set_proj
                0x80018c78       0x4c /libdragon/tiny3d//build/libt3d.a
                0x80018c78                t3d_matrix_set_proj
 .text.t3d_vert_load
                0x80018cc4       0x84 /libdragon/tiny3d//build/libt3d.a
                0x80018cc4                t3d_vert_load
 .text.t3d_frame_start
                0x80018d48       0x58 /libdragon/tiny3d//build/libt3d.a
                0x80018d48                t3d_frame_start
 .text.t3d_light_set_count
                0x80018da0        0xc /libdragon/tiny3d//build/libt3d.a
                0x80018da0                t3d_light_set_count
 .text.t3d_light_set_ambient
                0x80018dac       0x54 /libdragon/tiny3d//build/libt3d.a
                0x80018dac                t3d_light_set_ambient
 .text.t3d_light_set_directional
                0x80018e00      0x1a0 /libdragon/tiny3d//build/libt3d.a
                0x80018e00                t3d_light_set_directional
 .text.t3d_state_set_drawflags
                0x80018fa0       0x98 /libdragon/tiny3d//build/libt3d.a
                0x80018fa0                t3d_state_set_drawflags
 .text.t3d_state_set_vertex_fx
                0x80019038       0xb4 /libdragon/tiny3d//build/libt3d.a
                0x80019038                t3d_state_set_vertex_fx
 .text.t3d_tri_draw
                0x800190ec       0xa4 /libdragon/tiny3d//build/libt3d.a
                0x800190ec                t3d_tri_draw
 .text.t3d_tri_draw_strip
                0x80019190       0xa8 /libdragon/tiny3d//build/libt3d.a
                0x80019190                t3d_tri_draw_strip
 .text.t3d_viewport_attach
                0x80019238      0x37c /libdragon/tiny3d//build/libt3d.a
                0x80019238                t3d_viewport_attach
 .text.t3d_viewport_set_perspective
                0x800195b4       0x4c /libdragon/tiny3d//build/libt3d.a
                0x800195b4                t3d_viewport_set_perspective
 .text.t3d_viewport_look_at
                0x80019600       0x58 /libdragon/tiny3d//build/libt3d.a
                0x80019600                t3d_viewport_look_at
 .text.t3d_indexbuffer_convert
                0x80019658       0x58 /libdragon/tiny3d//build/libt3d.a
                0x80019658                t3d_indexbuffer_convert
 .text.set_texture
                0x800196b0      0x2d4 /libdragon/tiny3d//build/libt3d.a
 .text.t3d_model_load
                0x80019984      0x3fc /libdragon/tiny3d//build/libt3d.a
                0x80019984                t3d_model_load
 .text.t3d_model_draw_object
                0x80019d80      0x20c /libdragon/tiny3d//build/libt3d.a
                0x80019d80                t3d_model_draw_object
 .text.t3d_model_draw_material
                0x80019f8c      0x368 /libdragon/tiny3d//build/libt3d.a
                0x80019f8c                t3d_model_draw_material
 .text.t3d_model_iter_next
                0x8001a2f4       0x68 /libdragon/tiny3d//build/libt3d.a
                0x8001a2f4                t3d_model_iter_next
 .text.t3d_model_draw_custom
                0x8001a35c      0x100 /libdragon/tiny3d//build/libt3d.a
                0x8001a35c                t3d_model_draw_custom
 *fill*         0x8001a45c        0x4 
 .text.data_cache_hit_writeback
                0x8001a460       0x60 /n64_toolchain/lib/gcc/mips64-elf/14.2.0/../../../../mips64-elf/lib/libdragon.a(n64sys.o)
                0x8001a460                data_cache_hit_writeback
 .text.__data_cache_hit_invalidate
                0x8001a4c0       0x60 /n64_toolchain/lib/gcc/mips64-elf/14.2.0/../../../../mips64-elf/lib/libdragon.a(n64sys.o)
                0x8001a4c0                __data_cache_hit_invalidate
 .text.data_cache_hit_writeback_invalidate
                0x8001a520       0x60 /n64_toolchain/lib/gcc/mips64-elf/14.2.0/../../../../mips64-elf/lib/libdragon.a(n64sys.o)
                0x8001a520                data_cache_hit_writeback_invalidate
 .text.inst_cache_hit_invalidate
                0x8001a580       0x60 /n64_toolchain/lib/gcc/mips64-elf/14.2.0/../../../../mips64-elf/lib/libdragon.a(n64sys.o)
                0x8001a580                inst_cache_hit_invalidate
 .text.malloc_uncached_aligned
                0x8001a5e0       0xc0 /n64_toolchain/lib/gcc/mips64-elf/14.2.0/../../../../mips64-elf/lib/libdragon.a(n64sys.o)
                0x8001a5e0                malloc_uncached_aligned
 .text.malloc_uncached
                0x8001a6a0       0x20 /n64_toolchain/lib/gcc/mips64-elf/14.2.0/../../../../mips64-elf/lib/libdragon.a(n64sys.o)
                0x8001a6a0                malloc_uncached
 .text.free_uncached
                0x8001a6c0       0x20 /n64_toolchain/lib/gcc/mips64-elf/14.2.0/../../../../mips64-elf/lib/libdragon.a(n64sys.o)
                0x8001a6c0                free_uncached
 .text.get_memory_size
                0x8001a6e0       0x20 /n64_toolchain/lib/gcc/mips64-elf/14.2.0/../../../../mips64-elf/lib/libdragon.a(n64sys.o)
                0x8001a6e0                get_memory_size
 .text.get_ticks
                0x8001a700       0x40 /n64_toolchain/lib/gcc/mips64-elf/14.2.0/../../../../mips64-elf/lib/libdragon.a(n64sys.o)
                0x8001a700                get_ticks
 .text.get_ticks_us
                0x8001a740       0x60 /n64_toolchain/lib/gcc/mips64-elf/14.2.0/../../../../mips64-elf/lib/libdragon.a(n64sys.o)
                0x8001a740                get_ticks_us
 .text.wait_ms  0x8001a7a0       0x40 /n64_toolchain/lib/gcc/mips64-elf/14.2.0/../../../../mips64-elf/lib/libdragon.a(n64sys.o)
                0x8001a7a0                wait_ms
 .text.die      0x8001a7e0       0x60 /n64_toolchain/lib/gcc/mips64-elf/14.2.0/../../../../mips64-elf/lib/libdragon.a(n64sys.o)
                0x8001a7e0                die
 .text.sys_get_heap_stats
                0x8001a840       0x40 /n64_toolchain/lib/gcc/mips64-elf/14.2.0/../../../../mips64-elf/lib/libdragon.a(n64sys.o)
                0x8001a840                sys_get_heap_stats
 .text.startup.__init_cop1
                0x8001a880       0x40 /n64_toolchain/lib/gcc/mips64-elf/14.2.0/../../../../mips64-elf/lib/libdragon.a(n64sys.o)
                0x8001a880                __init_cop1
 .text.__MI_handler
                0x8001a8c0      0x380 /n64_toolchain/lib/gcc/mips64-elf/14.2.0/../../../../mips64-elf/lib/libdragon.a(interrupt.o)
                0x8001a8c0                __MI_handler
 .text.__MI_BB_handler
                0x8001ac40      0x300 /n64_toolchain/lib/gcc/mips64-elf/14.2.0/../../../../mips64-elf/lib/libdragon.a(interrupt.o)
                0x8001ac40                __MI_BB_handler
 .text.__TI_handler
                0x8001af40       0x80 /n64_toolchain/lib/gcc/mips64-elf/14.2.0/../../../../mips64-elf/lib/libdragon.a(interrupt.o)
                0x8001af40                __TI_handler
 .text.__CART_handler
                0x8001afc0      0x100 /n64_toolchain/lib/gcc/mips64-elf/14.2.0/../../../../mips64-elf/lib/libdragon.a(interrupt.o)
                0x8001afc0                __CART_handler
 .text.__RESET_handler
                0x8001b0c0       0x60 /n64_toolchain/lib/gcc/mips64-elf/14.2.0/../../../../mips64-elf/lib/libdragon.a(interrupt.o)
                0x8001b0c0                __RESET_handler
 .text.register_AI_handler
                0x8001b120       0x60 /n64_toolchain/lib/gcc/mips64-elf/14.2.0/../../../../mips64-elf/lib/libdragon.a(interrupt.o)
                0x8001b120                register_AI_handler
 .text.register_VI_handler
                0x8001b180       0x60 /n64_toolchain/lib/gcc/mips64-elf/14.2.0/../../../../mips64-elf/lib/libdragon.a(interrupt.o)
                0x8001b180                register_VI_handler
 .text.unregister_VI_handler
                0x8001b1e0       0x60 /n64_toolchain/lib/gcc/mips64-elf/14.2.0/../../../../mips64-elf/lib/libdragon.a(interrupt.o)
                0x8001b1e0                unregister_VI_handler
 .text.register_DP_handler
                0x8001b240       0x60 /n64_toolchain/lib/gcc/mips64-elf/14.2.0/../../../../mips64-elf/lib/libdragon.a(interrupt.o)
                0x8001b240                register_DP_handler
 .text.register_SI_handler
                0x8001b2a0       0x60 /n64_toolchain/lib/gcc/mips64-elf/14.2.0/../../../../mips64-elf/lib/libdragon.a(interrupt.o)
                0x8001b2a0                register_SI_handler
 .text.register_SP_handler
                0x8001b300       0x60 /n64_toolchain/lib/gcc/mips64-elf/14.2.0/../../../../mips64-elf/lib/libdragon.a(interrupt.o)
                0x8001b300                register_SP_handler
 .text.register_TI_handler
                0x8001b360       0x60 /n64_toolchain/lib/gcc/mips64-elf/14.2.0/../../../../mips64-elf/lib/libdragon.a(interrupt.o)
                0x8001b360                register_TI_handler
 .text.register_RESET_handler
                0x8001b3c0       0x80 /n64_toolchain/lib/gcc/mips64-elf/14.2.0/../../../../mips64-elf/lib/libdragon.a(interrupt.o)
                0x8001b3c0                register_RESET_handler
 .text.set_AI_interrupt
                0x8001b440       0x20 /n64_toolchain/lib/gcc/mips64-elf/14.2.0/../../../../mips64-elf/lib/libdragon.a(interrupt.o)
                0x8001b440                set_AI_interrupt
 .text.set_VI_interrupt
                0x8001b460       0x40 /n64_toolchain/lib/gcc/mips64-elf/14.2.0/../../../../mips64-elf/lib/libdragon.a(interrupt.o)
                0x8001b460                set_VI_interrupt
 .text.set_DP_interrupt
                0x8001b4a0       0x20 /n64_toolchain/lib/gcc/mips64-elf/14.2.0/../../../../mips64-elf/lib/libdragon.a(interrupt.o)
                0x8001b4a0                set_DP_interrupt
 .text.set_SI_interrupt
                0x8001b4c0       0x20 /n64_toolchain/lib/gcc/mips64-elf/14.2.0/../../../../mips64-elf/lib/libdragon.a(interrupt.o)
                0x8001b4c0                set_SI_interrupt
 .text.set_SP_interrupt
                0x8001b4e0       0x20 /n64_toolchain/lib/gcc/mips64-elf/14.2.0/../../../../mips64-elf/lib/libdragon.a(interrupt.o)
                0x8001b4e0                set_SP_interrupt
 .text.set_TI_interrupt
                0x8001b500       0x40 /n64_toolchain/lib/gcc/mips64-elf/14.2.0/../../../../mips64-elf/lib/libdragon.a(interrupt.o)
                0x8001b500                set_TI_interrupt
 .text.startup.__init_interrupts
                0x8001b540       0x60 /n64_toolchain/lib/gcc/mips64-elf/14.2.0/../../../../mips64-elf/lib/libdragon.a(interrupt.o)
                0x8001b540                __init_interrupts
 .text.disable_interrupts
                0x8001b5a0       0x40 /n64_toolchain/lib/gcc/mips64-elf/14.2.0/../../../../mips64-elf/lib/libdragon.a(interrupt.o)
                0x8001b5a0                disable_interrupts
 .text.enable_interrupts
                0x8001b5e0       0x80 /n64_toolchain/lib/gcc/mips64-elf/14.2.0/../../../../mips64-elf/lib/libdragon.a(interrupt.o)
                0x8001b5e0                enable_interrupts
 .text.get_interrupts_state
                0x8001b660       0x20 /n64_toolchain/lib/gcc/mips64-elf/14.2.0/../../../../mips64-elf/lib/libdragon.a(interrupt.o)
                0x8001b660                get_interrupts_state
 .text.exception_reset_time
                0x8001b680       0x20 /n64_toolchain/lib/gcc/mips64-elf/14.2.0/../../../../mips64-elf/lib/libdragon.a(interrupt.o)
                0x8001b680                exception_reset_time
 .text.sinf_approx
                0x8001b6a0      0x120 /n64_toolchain/lib/gcc/mips64-elf/14.2.0/../../../../mips64-elf/lib/libdragon.a(fmath.o)
 .text.fm_sinf  0x8001b7c0       0x60 /n64_toolchain/lib/gcc/mips64-elf/14.2.0/../../../../mips64-elf/lib/libdragon.a(fmath.o)
                0x8001b7c0                fm_sinf
 .text.fm_cosf  0x8001b820       0x60 /n64_toolchain/lib/gcc/mips64-elf/14.2.0/../../../../mips64-elf/lib/libdragon.a(fmath.o)
                0x8001b820                fm_cosf
 .text.fm_sincosf
                0x8001b880       0xc0 /n64_toolchain/lib/gcc/mips64-elf/14.2.0/../../../../mips64-elf/lib/libdragon.a(fmath.o)
                0x8001b880                fm_sincosf
 .text.__stderr_write
                0x8001b940       0x80 /n64_toolchain/lib/gcc/mips64-elf/14.2.0/../../../../mips64-elf/lib/libdragon.a(debug.o)
 .text.usblog_write
                0x8001b9c0       0x20 /n64_toolchain/lib/gcc/mips64-elf/14.2.0/../../../../mips64-elf/lib/libdragon.a(debug.o)
 .text.isviewer_write
                0x8001b9e0       0xe0 /n64_toolchain/lib/gcc/mips64-elf/14.2.0/../../../../mips64-elf/lib/libdragon.a(debug.o)
 .text.cb.0     0x8001bac0       0xa0 /n64_toolchain/lib/gcc/mips64-elf/14.2.0/../../../../mips64-elf/lib/libdragon.a(debug.o)
 .text.debug_init_usblog
                0x8001bb60       0xe0 /n64_toolchain/lib/gcc/mips64-elf/14.2.0/../../../../mips64-elf/lib/libdragon.a(debug.o)
                0x8001bb60                debug_init_usblog
 .text.debug_init_isviewer
                0x8001bc40       0xe0 /n64_toolchain/lib/gcc/mips64-elf/14.2.0/../../../../mips64-elf/lib/libdragon.a(debug.o)
                0x8001bc40                debug_init_isviewer
 .text.debug_assert_func_f
                0x8001bd20       0xe0 /n64_toolchain/lib/gcc/mips64-elf/14.2.0/../../../../mips64-elf/lib/libdragon.a(debug.o)
                0x8001bd20                debug_assert_func_f
 .text.debug_assert_func
                0x8001be00       0x20 /n64_toolchain/lib/gcc/mips64-elf/14.2.0/../../../../mips64-elf/lib/libdragon.a(debug.o)
                0x8001be00                debug_assert_func
 .text.debug_hexdump
                0x8001be20      0x280 /n64_toolchain/lib/gcc/mips64-elf/14.2.0/../../../../mips64-elf/lib/libdragon.a(debug.o)
                0x8001be20                debug_hexdump
 .text.__debug_backtrace
                0x8001c0a0      0x120 /n64_toolchain/lib/gcc/mips64-elf/14.2.0/../../../../mips64-elf/lib/libdragon.a(debug.o)
                0x8001c0a0                __debug_backtrace
 .text.debug_backtrace
                0x8001c1c0       0x20 /n64_toolchain/lib/gcc/mips64-elf/14.2.0/../../../../mips64-elf/lib/libdragon.a(debug.o)
                0x8001c1c0                debug_backtrace
 .text.usb_64drive_read
                0x8001c1e0       0x60 /n64_toolchain/lib/gcc/mips64-elf/14.2.0/../../../../mips64-elf/lib/libdragon.a(usb.o)
 .text.usb_64drive_poll
                0x8001c240      0x1a0 /n64_toolchain/lib/gcc/mips64-elf/14.2.0/../../../../mips64-elf/lib/libdragon.a(usb.o)
 .text.usb_everdrive_usbbusy
                0x8001c3e0       0xe0 /n64_toolchain/lib/gcc/mips64-elf/14.2.0/../../../../mips64-elf/lib/libdragon.a(usb.o)
 .text.usb_everdrive_readusb
                0x8001c4c0       0xc0 /n64_toolchain/lib/gcc/mips64-elf/14.2.0/../../../../mips64-elf/lib/libdragon.a(usb.o)
 .text.usb_everdrive_poll
                0x8001c580      0x220 /n64_toolchain/lib/gcc/mips64-elf/14.2.0/../../../../mips64-elf/lib/libdragon.a(usb.o)
 .text.usb_everdrive_write
                0x8001c7a0      0x1c0 /n64_toolchain/lib/gcc/mips64-elf/14.2.0/../../../../mips64-elf/lib/libdragon.a(usb.o)
 .text.usb_everdrive_read
                0x8001c960       0x60 /n64_toolchain/lib/gcc/mips64-elf/14.2.0/../../../../mips64-elf/lib/libdragon.a(usb.o)
 .text.usb_sc64_read
                0x8001c9c0       0x60 /n64_toolchain/lib/gcc/mips64-elf/14.2.0/../../../../mips64-elf/lib/libdragon.a(usb.o)
 .text.usb_sc64_poll
                0x8001ca20      0x160 /n64_toolchain/lib/gcc/mips64-elf/14.2.0/../../../../mips64-elf/lib/libdragon.a(usb.o)
 .text.usb_write
                0x8001cb80       0x40 /n64_toolchain/lib/gcc/mips64-elf/14.2.0/../../../../mips64-elf/lib/libdragon.a(usb.o)
                0x8001cb80                usb_write
 .text.usb_sendheartbeat
                0x8001cbc0       0x60 /n64_toolchain/lib/gcc/mips64-elf/14.2.0/../../../../mips64-elf/lib/libdragon.a(usb.o)
                0x8001cbc0                usb_sendheartbeat
 .text.usb_initialize
                0x8001cc20      0x1e0 /n64_toolchain/lib/gcc/mips64-elf/14.2.0/../../../../mips64-elf/lib/libdragon.a(usb.o)
                0x8001cc20                usb_initialize
 .text.usb_64drive_wait
                0x8001ce00       0xc0 /n64_toolchain/lib/gcc/mips64-elf/14.2.0/../../../../mips64-elf/lib/libdragon.a(usb.o)
                0x8001ce00                usb_64drive_wait
 .text.usb_64drive_write
                0x8001cec0      0x240 /n64_toolchain/lib/gcc/mips64-elf/14.2.0/../../../../mips64-elf/lib/libdragon.a(usb.o)
 .text.usb_sc64_execute_cmd
                0x8001d100       0xc0 /n64_toolchain/lib/gcc/mips64-elf/14.2.0/../../../../mips64-elf/lib/libdragon.a(usb.o)
                0x8001d100                usb_sc64_execute_cmd
 .text.usb_sc64_write
                0x8001d1c0      0x2c0 /n64_toolchain/lib/gcc/mips64-elf/14.2.0/../../../../mips64-elf/lib/libdragon.a(usb.o)
 .text.get_next_token
                0x8001d480       0xc0 /n64_toolchain/lib/gcc/mips64-elf/14.2.0/../../../../mips64-elf/lib/libdragon.a(dragonfs.o)
 .text.__fstat  0x8001d540       0x40 /n64_toolchain/lib/gcc/mips64-elf/14.2.0/../../../../mips64-elf/lib/libdragon.a(dragonfs.o)
 .text.lookup_file
                0x8001d580      0x260 /n64_toolchain/lib/gcc/mips64-elf/14.2.0/../../../../mips64-elf/lib/libdragon.a(dragonfs.o)
 .text.__close  0x8001d7e0       0x40 /n64_toolchain/lib/gcc/mips64-elf/14.2.0/../../../../mips64-elf/lib/libdragon.a(dragonfs.o)
 .text.__ioctl  0x8001d820       0x60 /n64_toolchain/lib/gcc/mips64-elf/14.2.0/../../../../mips64-elf/lib/libdragon.a(dragonfs.o)
 .text.recurse_path
                0x8001d880      0x3e0 /n64_toolchain/lib/gcc/mips64-elf/14.2.0/../../../../mips64-elf/lib/libdragon.a(dragonfs.o)
 .text.__findnext
                0x8001dc60      0x100 /n64_toolchain/lib/gcc/mips64-elf/14.2.0/../../../../mips64-elf/lib/libdragon.a(dragonfs.o)
 .text.__dfs_findfirst
                0x8001dd60       0xe0 /n64_toolchain/lib/gcc/mips64-elf/14.2.0/../../../../mips64-elf/lib/libdragon.a(dragonfs.o)
 .text.__findfirst
                0x8001de40       0x60 /n64_toolchain/lib/gcc/mips64-elf/14.2.0/../../../../mips64-elf/lib/libdragon.a(dragonfs.o)
 .text.__lseek  0x8001dea0       0xa0 /n64_toolchain/lib/gcc/mips64-elf/14.2.0/../../../../mips64-elf/lib/libdragon.a(dragonfs.o)
 .text.dfs_open
                0x8001df40      0x1a0 /n64_toolchain/lib/gcc/mips64-elf/14.2.0/../../../../mips64-elf/lib/libdragon.a(dragonfs.o)
                0x8001df40                dfs_open
 .text.__open   0x8001e0e0       0xc0 /n64_toolchain/lib/gcc/mips64-elf/14.2.0/../../../../mips64-elf/lib/libdragon.a(dragonfs.o)
 .text.dfs_read
                0x8001e1a0      0x1c0 /n64_toolchain/lib/gcc/mips64-elf/14.2.0/../../../../mips64-elf/lib/libdragon.a(dragonfs.o)
                0x8001e1a0                dfs_read
 .text.__read   0x8001e360       0x20 /n64_toolchain/lib/gcc/mips64-elf/14.2.0/../../../../mips64-elf/lib/libdragon.a(dragonfs.o)
 .text.dfs_init
                0x8001e380      0x220 /n64_toolchain/lib/gcc/mips64-elf/14.2.0/../../../../mips64-elf/lib/libdragon.a(dragonfs.o)
                0x8001e380                dfs_init
 .text.audio_callback.part.0
                0x8001e5a0      0x1e0 /n64_toolchain/lib/gcc/mips64-elf/14.2.0/../../../../mips64-elf/lib/libdragon.a(audio.o)
 .text.audio_callback
                0x8001e780       0x60 /n64_toolchain/lib/gcc/mips64-elf/14.2.0/../../../../mips64-elf/lib/libdragon.a(audio.o)
 .text.audio_init
                0x8001e7e0      0x200 /n64_toolchain/lib/gcc/mips64-elf/14.2.0/../../../../mips64-elf/lib/libdragon.a(audio.o)
                0x8001e7e0                audio_init
 .text.audio_write_begin
                0x8001e9e0      0x100 /n64_toolchain/lib/gcc/mips64-elf/14.2.0/../../../../mips64-elf/lib/libdragon.a(audio.o)
                0x8001e9e0                audio_write_begin
 .text.audio_write_end
                0x8001eae0       0x80 /n64_toolchain/lib/gcc/mips64-elf/14.2.0/../../../../mips64-elf/lib/libdragon.a(audio.o)
                0x8001eae0                audio_write_end
 .text.audio_can_write
                0x8001eb60       0x40 /n64_toolchain/lib/gcc/mips64-elf/14.2.0/../../../../mips64-elf/lib/libdragon.a(audio.o)
                0x8001eb60                audio_can_write
 .text.audio_get_frequency
                0x8001eba0       0x20 /n64_toolchain/lib/gcc/mips64-elf/14.2.0/../../../../mips64-elf/lib/libdragon.a(audio.o)
                0x8001eba0                audio_get_frequency
 .text.audio_get_buffer_length
                0x8001ebc0       0x20 /n64_toolchain/lib/gcc/mips64-elf/14.2.0/../../../../mips64-elf/lib/libdragon.a(audio.o)
                0x8001ebc0                audio_get_buffer_length
 .text.display_show.part.0
                0x8001ebe0      0x140 /n64_toolchain/lib/gcc/mips64-elf/14.2.0/../../../../mips64-elf/lib/libdragon.a(display.o)
 .text.__display_callback
                0x8001ed20      0x3c0 /n64_toolchain/lib/gcc/mips64-elf/14.2.0/../../../../mips64-elf/lib/libdragon.a(display.o)
 .text.display_init
                0x8001f0e0      0x9a0 /n64_toolchain/lib/gcc/mips64-elf/14.2.0/../../../../mips64-elf/lib/libdragon.a(display.o)
                0x8001f0e0                display_init
 .text.display_close
                0x8001fa80      0x140 /n64_toolchain/lib/gcc/mips64-elf/14.2.0/../../../../mips64-elf/lib/libdragon.a(display.o)
                0x8001fa80                display_close
 .text.display_try_get
                0x8001fbc0       0xc0 /n64_toolchain/lib/gcc/mips64-elf/14.2.0/../../../../mips64-elf/lib/libdragon.a(display.o)
                0x8001fbc0                display_try_get
 .text.display_get
                0x8001fc80      0x140 /n64_toolchain/lib/gcc/mips64-elf/14.2.0/../../../../mips64-elf/lib/libdragon.a(display.o)
                0x8001fc80                display_get
 .text.display_get_zbuf
                0x8001fdc0      0x140 /n64_toolchain/lib/gcc/mips64-elf/14.2.0/../../../../mips64-elf/lib/libdragon.a(display.o)
                0x8001fdc0                display_get_zbuf
 .text.display_show
                0x8001ff00       0x20 /n64_toolchain/lib/gcc/mips64-elf/14.2.0/../../../../mips64-elf/lib/libdragon.a(display.o)
                0x8001ff00                display_show
 .text.display_show_force
                0x8001ff20       0x40 /n64_toolchain/lib/gcc/mips64-elf/14.2.0/../../../../mips64-elf/lib/libdragon.a(display.o)
                0x8001ff20                display_show_force
 .text.display_get_width
                0x8001ff60       0x20 /n64_toolchain/lib/gcc/mips64-elf/14.2.0/../../../../mips64-elf/lib/libdragon.a(display.o)
                0x8001ff60                display_get_width
 .text.display_get_height
                0x8001ff80       0x20 /n64_toolchain/lib/gcc/mips64-elf/14.2.0/../../../../mips64-elf/lib/libdragon.a(display.o)
                0x8001ff80                display_get_height
 .text.display_get_bitdepth
                0x8001ffa0       0x20 /n64_toolchain/lib/gcc/mips64-elf/14.2.0/../../../../mips64-elf/lib/libdragon.a(display.o)
                0x8001ffa0                display_get_bitdepth
 .text.tex_format_name
                0x8001ffc0       0x40 /n64_toolchain/lib/gcc/mips64-elf/14.2.0/../../../../mips64-elf/lib/libdragon.a(surface.o)
                0x8001ffc0                tex_format_name
 .text.surface_alloc
                0x80020000       0xe0 /n64_toolchain/lib/gcc/mips64-elf/14.2.0/../../../../mips64-elf/lib/libdragon.a(surface.o)
                0x80020000                surface_alloc
 .text.surface_free
                0x800200e0       0x80 /n64_toolchain/lib/gcc/mips64-elf/14.2.0/../../../../mips64-elf/lib/libdragon.a(surface.o)
                0x800200e0                surface_free
 .text.must_open.part.0
                0x80020160      0x100 /n64_toolchain/lib/gcc/mips64-elf/14.2.0/../../../../mips64-elf/lib/libdragon.a(asset.o)
 .text.asset_read
                0x80020260      0x420 /n64_toolchain/lib/gcc/mips64-elf/14.2.0/../../../../mips64-elf/lib/libdragon.a(asset.o)
 .text.asset_read_header
                0x80020680      0x1e0 /n64_toolchain/lib/gcc/mips64-elf/14.2.0/../../../../mips64-elf/lib/libdragon.a(asset.o)
 .text.__asset_init_compression_lvl2
                0x80020860       0x60 /n64_toolchain/lib/gcc/mips64-elf/14.2.0/../../../../mips64-elf/lib/libdragon.a(asset.o)
                0x80020860                __asset_init_compression_lvl2
 .text.must_open
                0x800208c0       0x40 /n64_toolchain/lib/gcc/mips64-elf/14.2.0/../../../../mips64-elf/lib/libdragon.a(asset.o)
                0x800208c0                must_open
 .text.asset_load
                0x80020900      0x140 /n64_toolchain/lib/gcc/mips64-elf/14.2.0/../../../../mips64-elf/lib/libdragon.a(asset.o)
                0x80020900                asset_load
 .text.decompress_lz4_full_inplace
                0x80020a40       0x20 /n64_toolchain/lib/gcc/mips64-elf/14.2.0/../../../../mips64-elf/lib/libdragon.a(lz4_dec.o)
                0x80020a40                decompress_lz4_full_inplace
 .text.decompress_lz4_init
                0x80020a60       0x60 /n64_toolchain/lib/gcc/mips64-elf/14.2.0/../../../../mips64-elf/lib/libdragon.a(lz4_dec.o)
                0x80020a60                decompress_lz4_init
 .text.decompress_lz4_reset
                0x80020ac0       0x40 /n64_toolchain/lib/gcc/mips64-elf/14.2.0/../../../../mips64-elf/lib/libdragon.a(lz4_dec.o)
                0x80020ac0                decompress_lz4_reset
 .text.decompress_lz4_read
                0x80020b00      0x400 /n64_toolchain/lib/gcc/mips64-elf/14.2.0/../../../../mips64-elf/lib/libdragon.a(lz4_dec.o)
                0x80020b00                decompress_lz4_read
 .text.decompress_lz4_full_fast
                0x80020f00      0x1c0 /n64_toolchain/lib/gcc/mips64-elf/14.2.0/../../../../mips64-elf/lib/libdragon.a(lz4_dec_fast.o)
                0x80020f00                decompress_lz4_full_fast
 .text.__ringbuf_init
                0x800210c0       0x80 /n64_toolchain/lib/gcc/mips64-elf/14.2.0/../../../../mips64-elf/lib/libdragon.a(ringbuf.o)
                0x800210c0                __ringbuf_init
 .text.__ringbuf_write
                0x80021140       0xc0 /n64_toolchain/lib/gcc/mips64-elf/14.2.0/../../../../mips64-elf/lib/libdragon.a(ringbuf.o)
                0x80021140                __ringbuf_write
 .text.__ringbuf_copy
                0x80021200      0x1a0 /n64_toolchain/lib/gcc/mips64-elf/14.2.0/../../../../mips64-elf/lib/libdragon.a(ringbuf.o)
                0x80021200                __ringbuf_copy
 .text.refill   0x800213a0      0x100 /n64_toolchain/lib/gcc/mips64-elf/14.2.0/../../../../mips64-elf/lib/libdragon.a(aplib_dec.o)
 .text.decompress_reset.part.0.constprop.0
                0x800214a0       0xa0 /n64_toolchain/lib/gcc/mips64-elf/14.2.0/../../../../mips64-elf/lib/libdragon.a(aplib_dec.o)
 .text.decompress_aplib_partial.part.0
                0x80021540      0x940 /n64_toolchain/lib/gcc/mips64-elf/14.2.0/../../../../mips64-elf/lib/libdragon.a(aplib_dec.o)
 .text.decompress_aplib_init
                0x80021e80       0x60 /n64_toolchain/lib/gcc/mips64-elf/14.2.0/../../../../mips64-elf/lib/libdragon.a(aplib_dec.o)
                0x80021e80                decompress_aplib_init
 .text.decompress_aplib_reset
                0x80021ee0       0x40 /n64_toolchain/lib/gcc/mips64-elf/14.2.0/../../../../mips64-elf/lib/libdragon.a(aplib_dec.o)
                0x80021ee0                decompress_aplib_reset
 .text.decompress_aplib_read
                0x80021f20       0x40 /n64_toolchain/lib/gcc/mips64-elf/14.2.0/../../../../mips64-elf/lib/libdragon.a(aplib_dec.o)
                0x80021f20                decompress_aplib_read
 .text.decompress_aplib_full_inplace
                0x80021f60       0x20 /n64_toolchain/lib/gcc/mips64-elf/14.2.0/../../../../mips64-elf/lib/libdragon.a(aplib_dec.o)
                0x80021f60                decompress_aplib_full_inplace
 .text.joypad_inputs_from_n64_controller_read
                0x80021f80       0xc0 /n64_toolchain/lib/gcc/mips64-elf/14.2.0/../../../../mips64-elf/lib/libdragon.a(joypad.o)
 .text.joypad_gcn_origin_callback
                0x80022040       0xe0 /n64_toolchain/lib/gcc/mips64-elf/14.2.0/../../../../mips64-elf/lib/libdragon.a(joypad.o)
 .text.joybus_input_read_n64_controllers
                0x80022120       0xe0 /n64_toolchain/lib/gcc/mips64-elf/14.2.0/../../../../mips64-elf/lib/libdragon.a(joypad.o)
 .text.joypad_read_callback
                0x80022200       0x60 /n64_toolchain/lib/gcc/mips64-elf/14.2.0/../../../../mips64-elf/lib/libdragon.a(joypad.o)
 .text.joypad_device_changed
                0x80022260       0x80 /n64_toolchain/lib/gcc/mips64-elf/14.2.0/../../../../mips64-elf/lib/libdragon.a(joypad.o)
 .text.joypad_identify_callback
                0x800222e0      0x2a0 /n64_toolchain/lib/gcc/mips64-elf/14.2.0/../../../../mips64-elf/lib/libdragon.a(joypad.o)
 .text.joypad_read_async.part.0
                0x80022580      0x220 /n64_toolchain/lib/gcc/mips64-elf/14.2.0/../../../../mips64-elf/lib/libdragon.a(joypad.o)
 .text.joypad_identify_async.part.0
                0x800227a0      0x140 /n64_toolchain/lib/gcc/mips64-elf/14.2.0/../../../../mips64-elf/lib/libdragon.a(joypad.o)
 .text.joypad_poll.part.0
                0x800228e0      0x520 /n64_toolchain/lib/gcc/mips64-elf/14.2.0/../../../../mips64-elf/lib/libdragon.a(joypad.o)
 .text.joypad_vi_interrupt_callback
                0x80022e00       0xa0 /n64_toolchain/lib/gcc/mips64-elf/14.2.0/../../../../mips64-elf/lib/libdragon.a(joypad.o)
 .text.joypad_reset_interrupt_callback
                0x80022ea0      0x2c0 /n64_toolchain/lib/gcc/mips64-elf/14.2.0/../../../../mips64-elf/lib/libdragon.a(joypad.o)
 .text.joypad_read_n64_inputs
                0x80023160      0x1e0 /n64_toolchain/lib/gcc/mips64-elf/14.2.0/../../../../mips64-elf/lib/libdragon.a(joypad.o)
                0x80023160                joypad_read_n64_inputs
 .text.joypad_init
                0x80023340      0x1e0 /n64_toolchain/lib/gcc/mips64-elf/14.2.0/../../../../mips64-elf/lib/libdragon.a(joypad.o)
                0x80023340                joypad_init
 .text.joypad_poll
                0x80023520       0x60 /n64_toolchain/lib/gcc/mips64-elf/14.2.0/../../../../mips64-elf/lib/libdragon.a(joypad.o)
                0x80023520                joypad_poll
 .text.joypad_get_inputs
                0x80023580       0xa0 /n64_toolchain/lib/gcc/mips64-elf/14.2.0/../../../../mips64-elf/lib/libdragon.a(joypad.o)
                0x80023580                joypad_get_inputs
 .text.joypad_get_buttons_pressed
                0x80023620       0xa0 /n64_toolchain/lib/gcc/mips64-elf/14.2.0/../../../../mips64-elf/lib/libdragon.a(joypad.o)
                0x80023620                joypad_get_buttons_pressed
 .text.joypad_get_buttons_held
                0x800236c0       0xa0 /n64_toolchain/lib/gcc/mips64-elf/14.2.0/../../../../mips64-elf/lib/libdragon.a(joypad.o)
                0x800236c0                joypad_get_buttons_held
 .text.joypad_transfer_pak_wait_timer_callback
                0x80023760      0x140 /n64_toolchain/lib/gcc/mips64-elf/14.2.0/../../../../mips64-elf/lib/libdragon.a(joypad_accessory.o)
 .text.joypad_accessory_check_read_crc_error
                0x800238a0      0x1c0 /n64_toolchain/lib/gcc/mips64-elf/14.2.0/../../../../mips64-elf/lib/libdragon.a(joypad_accessory.o)
 .text.joypad_transfer_pak_enable_read_callback
                0x80023a60       0xc0 /n64_toolchain/lib/gcc/mips64-elf/14.2.0/../../../../mips64-elf/lib/libdragon.a(joypad_accessory.o)
 .text.joypad_accessory_check_write_crc_error
                0x80023b20      0x1c0 /n64_toolchain/lib/gcc/mips64-elf/14.2.0/../../../../mips64-elf/lib/libdragon.a(joypad_accessory.o)
 .text.joypad_accessory_detect_write_callback
                0x80023ce0      0x360 /n64_toolchain/lib/gcc/mips64-elf/14.2.0/../../../../mips64-elf/lib/libdragon.a(joypad_accessory.o)
 .text.joypad_transfer_pak_enable_write_callback
                0x80024040      0x180 /n64_toolchain/lib/gcc/mips64-elf/14.2.0/../../../../mips64-elf/lib/libdragon.a(joypad_accessory.o)
 .text.joypad_accessory_detect_read_callback
                0x800241c0      0x4e0 /n64_toolchain/lib/gcc/mips64-elf/14.2.0/../../../../mips64-elf/lib/libdragon.a(joypad_accessory.o)
 .text.joypad_accessory_reset
                0x800246a0      0x140 /n64_toolchain/lib/gcc/mips64-elf/14.2.0/../../../../mips64-elf/lib/libdragon.a(joypad_accessory.o)
                0x800246a0                joypad_accessory_reset
 .text.joypad_transfer_pak_wait_timer_init
                0x800247e0       0xe0 /n64_toolchain/lib/gcc/mips64-elf/14.2.0/../../../../mips64-elf/lib/libdragon.a(joypad_accessory.o)
                0x800247e0                joypad_transfer_pak_wait_timer_init
 .text.joypad_accessory_detect_async
                0x800248c0      0x140 /n64_toolchain/lib/gcc/mips64-elf/14.2.0/../../../../mips64-elf/lib/libdragon.a(joypad_accessory.o)
                0x800248c0                joypad_accessory_detect_async
 .text.rsp_load_code
                0x80024a00      0x100 /n64_toolchain/lib/gcc/mips64-elf/14.2.0/../../../../mips64-elf/lib/libdragon.a(rsp.o)
                0x80024a00                rsp_load_code
 .text.rsp_load_data
                0x80024b00       0xe0 /n64_toolchain/lib/gcc/mips64-elf/14.2.0/../../../../mips64-elf/lib/libdragon.a(rsp.o)
                0x80024b00                rsp_load_data
 .text.rsp_load
                0x80024be0       0x60 /n64_toolchain/lib/gcc/mips64-elf/14.2.0/../../../../mips64-elf/lib/libdragon.a(rsp.o)
                0x80024be0                rsp_load
 .text.rsp_read_code
                0x80024c40       0xe0 /n64_toolchain/lib/gcc/mips64-elf/14.2.0/../../../../mips64-elf/lib/libdragon.a(rsp.o)
                0x80024c40                rsp_read_code
 .text.rsp_read_data
                0x80024d20       0xe0 /n64_toolchain/lib/gcc/mips64-elf/14.2.0/../../../../mips64-elf/lib/libdragon.a(rsp.o)
                0x80024d20                rsp_read_data
 .text.__rsp_run_async
                0x80024e00       0x40 /n64_toolchain/lib/gcc/mips64-elf/14.2.0/../../../../mips64-elf/lib/libdragon.a(rsp.o)
                0x80024e00                __rsp_run_async
 .text.__rsp_crash
                0x80024e40      0xc40 /n64_toolchain/lib/gcc/mips64-elf/14.2.0/../../../../mips64-elf/lib/libdragon.a(rsp.o)
                0x80024e40                __rsp_crash
 .text.__rsp_check_assert
                0x80025a80       0x80 /n64_toolchain/lib/gcc/mips64-elf/14.2.0/../../../../mips64-elf/lib/libdragon.a(rsp.o)
                0x80025a80                __rsp_check_assert
 .text.rsp_wait
                0x80025b00      0x100 /n64_toolchain/lib/gcc/mips64-elf/14.2.0/../../../../mips64-elf/lib/libdragon.a(rsp.o)
                0x80025b00                rsp_wait
 .text.rsp_run  0x80025c00       0x60 /n64_toolchain/lib/gcc/mips64-elf/14.2.0/../../../../mips64-elf/lib/libdragon.a(rsp.o)
                0x80025c00                rsp_run
 .text.cb.2     0x80025c60       0x60 /n64_toolchain/lib/gcc/mips64-elf/14.2.0/../../../../mips64-elf/lib/libdragon.a(inspector.o)
 .text.cb.1     0x80025cc0       0x60 /n64_toolchain/lib/gcc/mips64-elf/14.2.0/../../../../mips64-elf/lib/libdragon.a(inspector.o)
 .text.inspector_print_backtrace
                0x80025d20      0x180 /n64_toolchain/lib/gcc/mips64-elf/14.2.0/../../../../mips64-elf/lib/libdragon.a(inspector.o)
 .text.cb.0     0x80025ea0      0x120 /n64_toolchain/lib/gcc/mips64-elf/14.2.0/../../../../mips64-elf/lib/libdragon.a(inspector.o)
 .text.cb.3     0x80025fc0      0x120 /n64_toolchain/lib/gcc/mips64-elf/14.2.0/../../../../mips64-elf/lib/libdragon.a(inspector.o)
 .text.inspector_stdout
                0x800260e0      0x300 /n64_toolchain/lib/gcc/mips64-elf/14.2.0/../../../../mips64-elf/lib/libdragon.a(inspector.o)
 .text.title    0x800263e0       0xa0 /n64_toolchain/lib/gcc/mips64-elf/14.2.0/../../../../mips64-elf/lib/libdragon.a(inspector.o)
 .text.mips_disasm
                0x80026480      0x6e0 /n64_toolchain/lib/gcc/mips64-elf/14.2.0/../../../../mips64-elf/lib/libdragon.a(inspector.o)
 .text.inspector
                0x80026b60     0x10a0 /n64_toolchain/lib/gcc/mips64-elf/14.2.0/../../../../mips64-elf/lib/libdragon.a(inspector.o)
 .text.handler.4
                0x80027c00       0x40 /n64_toolchain/lib/gcc/mips64-elf/14.2.0/../../../../mips64-elf/lib/libdragon.a(inspector.o)
 .text.__inspector_exception
                0x80027c40       0x20 /n64_toolchain/lib/gcc/mips64-elf/14.2.0/../../../../mips64-elf/lib/libdragon.a(inspector.o)
                0x80027c40                __inspector_exception
 .text.__inspector_assertion
                0x80027c60       0x20 /n64_toolchain/lib/gcc/mips64-elf/14.2.0/../../../../mips64-elf/lib/libdragon.a(inspector.o)
                0x80027c60                __inspector_assertion
 .text.startup.__inspector_init
                0x80027c80       0x20 /n64_toolchain/lib/gcc/mips64-elf/14.2.0/../../../../mips64-elf/lib/libdragon.a(inspector.o)
                0x80027c80                __inspector_init
 .text.__sprite_upgrade.part.0
                0x80027ca0       0x40 /n64_toolchain/lib/gcc/mips64-elf/14.2.0/../../../../mips64-elf/lib/libdragon.a(sprite.o)
 .text.sprite_load_buf.part.0
                0x80027ce0       0x40 /n64_toolchain/lib/gcc/mips64-elf/14.2.0/../../../../mips64-elf/lib/libdragon.a(sprite.o)
 .text.__sprite_ext
                0x80027d20       0xa0 /n64_toolchain/lib/gcc/mips64-elf/14.2.0/../../../../mips64-elf/lib/libdragon.a(sprite.o)
                0x80027d20                __sprite_ext
 .text.sprite_load_buf
                0x80027dc0       0xe0 /n64_toolchain/lib/gcc/mips64-elf/14.2.0/../../../../mips64-elf/lib/libdragon.a(sprite.o)
                0x80027dc0                sprite_load_buf
 .text.sprite_load
                0x80027ea0       0xe0 /n64_toolchain/lib/gcc/mips64-elf/14.2.0/../../../../mips64-elf/lib/libdragon.a(sprite.o)
                0x80027ea0                sprite_load
 .text.sprite_get_pixels
                0x80027f80       0x60 /n64_toolchain/lib/gcc/mips64-elf/14.2.0/../../../../mips64-elf/lib/libdragon.a(sprite.o)
                0x80027f80                sprite_get_pixels
 .text.sprite_get_lod_pixels
                0x80027fe0      0x160 /n64_toolchain/lib/gcc/mips64-elf/14.2.0/../../../../mips64-elf/lib/libdragon.a(sprite.o)
                0x80027fe0                sprite_get_lod_pixels
 .text.sprite_get_detail_texparms
                0x80028140       0xa0 /n64_toolchain/lib/gcc/mips64-elf/14.2.0/../../../../mips64-elf/lib/libdragon.a(sprite.o)
                0x80028140                sprite_get_detail_texparms
 .text.sprite_get_detail_pixels
                0x800281e0      0x160 /n64_toolchain/lib/gcc/mips64-elf/14.2.0/../../../../mips64-elf/lib/libdragon.a(sprite.o)
                0x800281e0                sprite_get_detail_pixels
 .text.sprite_get_palette
                0x80028340       0x60 /n64_toolchain/lib/gcc/mips64-elf/14.2.0/../../../../mips64-elf/lib/libdragon.a(sprite.o)
                0x80028340                sprite_get_palette
 .text.sprite_get_texparms
                0x800283a0       0xc0 /n64_toolchain/lib/gcc/mips64-elf/14.2.0/../../../../mips64-elf/lib/libdragon.a(sprite.o)
                0x800283a0                sprite_get_texparms
 .text.sprite_fits_tmem
                0x80028460       0x40 /n64_toolchain/lib/gcc/mips64-elf/14.2.0/../../../../mips64-elf/lib/libdragon.a(sprite.o)
                0x80028460                sprite_fits_tmem
 .text.sprite_is_shq
                0x800284a0       0x40 /n64_toolchain/lib/gcc/mips64-elf/14.2.0/../../../../mips64-elf/lib/libdragon.a(sprite.o)
                0x800284a0                sprite_is_shq
 .text.dma_write_raw_async.part.0
                0x800284e0       0x40 /n64_toolchain/lib/gcc/mips64-elf/14.2.0/../../../../mips64-elf/lib/libdragon.a(dma.o)
 .text.dma_read_raw_async
                0x80028520       0xa0 /n64_toolchain/lib/gcc/mips64-elf/14.2.0/../../../../mips64-elf/lib/libdragon.a(dma.o)
                0x80028520                dma_read_raw_async
 .text.dma_read_async
                0x800285c0      0x4e0 /n64_toolchain/lib/gcc/mips64-elf/14.2.0/../../../../mips64-elf/lib/libdragon.a(dma.o)
                0x800285c0                dma_read_async
 .text.dma_read
                0x80028aa0       0x40 /n64_toolchain/lib/gcc/mips64-elf/14.2.0/../../../../mips64-elf/lib/libdragon.a(dma.o)
                0x80028aa0                dma_read
 .text.dma_write
                0x80028ae0       0xa0 /n64_toolchain/lib/gcc/mips64-elf/14.2.0/../../../../mips64-elf/lib/libdragon.a(dma.o)
                0x80028ae0                dma_write
 .text.io_read  0x80028b80       0x60 /n64_toolchain/lib/gcc/mips64-elf/14.2.0/../../../../mips64-elf/lib/libdragon.a(dma.o)
                0x80028b80                io_read
 .text.io_write
                0x80028be0       0x60 /n64_toolchain/lib/gcc/mips64-elf/14.2.0/../../../../mips64-elf/lib/libdragon.a(dma.o)
                0x80028be0                io_write
 .text.timer_update_compare
                0x80028c40       0x40 /n64_toolchain/lib/gcc/mips64-elf/14.2.0/../../../../mips64-elf/lib/libdragon.a(timer.o)
 .text.timer_poll
                0x80028c80      0x1a0 /n64_toolchain/lib/gcc/mips64-elf/14.2.0/../../../../mips64-elf/lib/libdragon.a(timer.o)
 .text.timer_init
                0x80028e20       0x60 /n64_toolchain/lib/gcc/mips64-elf/14.2.0/../../../../mips64-elf/lib/libdragon.a(timer.o)
                0x80028e20                timer_init
 .text.new_timer_context
                0x80028e80      0x100 /n64_toolchain/lib/gcc/mips64-elf/14.2.0/../../../../mips64-elf/lib/libdragon.a(timer.o)
                0x80028e80                new_timer_context
 .text.restart_timer
                0x80028f80       0x80 /n64_toolchain/lib/gcc/mips64-elf/14.2.0/../../../../mips64-elf/lib/libdragon.a(timer.o)
                0x80028f80                restart_timer
 .text.stop_timer
                0x80029000       0xe0 /n64_toolchain/lib/gcc/mips64-elf/14.2.0/../../../../mips64-elf/lib/libdragon.a(timer.o)
                0x80029000                stop_timer
 .text.cb.0     0x800290e0       0x40 /n64_toolchain/lib/gcc/mips64-elf/14.2.0/../../../../mips64-elf/lib/libdragon.a(exception.o)
 .text.cb.1     0x80029120       0x80 /n64_toolchain/lib/gcc/mips64-elf/14.2.0/../../../../mips64-elf/lib/libdragon.a(exception.o)
 .text.is_unmapped_kx64
                0x800291a0      0x1e0 /n64_toolchain/lib/gcc/mips64-elf/14.2.0/../../../../mips64-elf/lib/libdragon.a(exception.o)
 .text.__get_exception_name.isra.0
                0x80029380      0x5c0 /n64_toolchain/lib/gcc/mips64-elf/14.2.0/../../../../mips64-elf/lib/libdragon.a(exception.o)
 .text.__exception_dump_header
                0x80029940      0x340 /n64_toolchain/lib/gcc/mips64-elf/14.2.0/../../../../mips64-elf/lib/libdragon.a(exception.o)
                0x80029940                __exception_dump_header
 .text.__exception_dump_gpr
                0x80029c80      0x180 /n64_toolchain/lib/gcc/mips64-elf/14.2.0/../../../../mips64-elf/lib/libdragon.a(exception.o)
                0x80029c80                __exception_dump_gpr
 .text.__exception_dump_fpr
                0x80029e00      0x2e0 /n64_toolchain/lib/gcc/mips64-elf/14.2.0/../../../../mips64-elf/lib/libdragon.a(exception.o)
                0x80029e00                __exception_dump_fpr
 .text.exception_default_handler
                0x8002a0e0      0x1a0 /n64_toolchain/lib/gcc/mips64-elf/14.2.0/../../../../mips64-elf/lib/libdragon.a(exception.o)
                0x8002a0e0                exception_default_handler
 .text.__onCriticalException
                0x8002a280       0x80 /n64_toolchain/lib/gcc/mips64-elf/14.2.0/../../../../mips64-elf/lib/libdragon.a(exception.o)
                0x8002a280                __onCriticalException
 .text.register_syscall_handler
                0x8002a300      0x1a0 /n64_toolchain/lib/gcc/mips64-elf/14.2.0/../../../../mips64-elf/lib/libdragon.a(exception.o)
                0x8002a300                register_syscall_handler
 .text.__onSyscallException
                0x8002a4a0      0x1a0 /n64_toolchain/lib/gcc/mips64-elf/14.2.0/../../../../mips64-elf/lib/libdragon.a(exception.o)
                0x8002a4a0                __onSyscallException
 .text.__wrap___do_global_ctors
                0x8002a640       0xe0 /n64_toolchain/lib/gcc/mips64-elf/14.2.0/../../../../mips64-elf/lib/libdragon.a(do_ctors.o)
                0x8002a640                __wrap___do_global_ctors
 .text.rspq_switch_context
                0x8002a720       0x60 /n64_toolchain/lib/gcc/mips64-elf/14.2.0/../../../../mips64-elf/lib/libdragon.a(rspq.o)
 .text.rspq_flush_internal
                0x8002a780       0x40 /n64_toolchain/lib/gcc/mips64-elf/14.2.0/../../../../mips64-elf/lib/libdragon.a(rspq.o)
 .text.rspq_sp_interrupt
                0x8002a7c0       0xa0 /n64_toolchain/lib/gcc/mips64-elf/14.2.0/../../../../mips64-elf/lib/libdragon.a(rspq.o)
 .text.rspq_init_context
                0x8002a860       0xa0 /n64_toolchain/lib/gcc/mips64-elf/14.2.0/../../../../mips64-elf/lib/libdragon.a(rspq.o)
 .text.rspq_switch_buffer.part.0
                0x8002a900       0x40 /n64_toolchain/lib/gcc/mips64-elf/14.2.0/../../../../mips64-elf/lib/libdragon.a(rspq.o)
 .text.rspq_crash_handler
                0x8002a940      0x320 /n64_toolchain/lib/gcc/mips64-elf/14.2.0/../../../../mips64-elf/lib/libdragon.a(rspq.o)
 .text.rspq_assert_handler
                0x8002ac60      0x100 /n64_toolchain/lib/gcc/mips64-elf/14.2.0/../../../../mips64-elf/lib/libdragon.a(rspq.o)
 .text.rspq_init
                0x8002ad60      0x3c0 /n64_toolchain/lib/gcc/mips64-elf/14.2.0/../../../../mips64-elf/lib/libdragon.a(rspq.o)
                0x8002ad60                rspq_init
 .text.rspq_flush
                0x8002b120       0x40 /n64_toolchain/lib/gcc/mips64-elf/14.2.0/../../../../mips64-elf/lib/libdragon.a(rspq.o)
                0x8002b120                rspq_flush
 .text.rspq_highpri_begin
                0x8002b160      0x120 /n64_toolchain/lib/gcc/mips64-elf/14.2.0/../../../../mips64-elf/lib/libdragon.a(rspq.o)
                0x8002b160                rspq_highpri_begin
 .text.rspq_highpri_end
                0x8002b280       0xa0 /n64_toolchain/lib/gcc/mips64-elf/14.2.0/../../../../mips64-elf/lib/libdragon.a(rspq.o)
                0x8002b280                rspq_highpri_end
 .text.rspq_block_begin
                0x8002b320      0x100 /n64_toolchain/lib/gcc/mips64-elf/14.2.0/../../../../mips64-elf/lib/libdragon.a(rspq.o)
                0x8002b320                rspq_block_begin
 .text.rspq_block_end
                0x8002b420       0xa0 /n64_toolchain/lib/gcc/mips64-elf/14.2.0/../../../../mips64-elf/lib/libdragon.a(rspq.o)
                0x8002b420                rspq_block_end
 .text.__rspq_deferred_poll
                0x8002b4c0       0xe0 /n64_toolchain/lib/gcc/mips64-elf/14.2.0/../../../../mips64-elf/lib/libdragon.a(rspq.o)
                0x8002b4c0                __rspq_deferred_poll
 .text.rspq_next_buffer
                0x8002b5a0      0x2e0 /n64_toolchain/lib/gcc/mips64-elf/14.2.0/../../../../mips64-elf/lib/libdragon.a(rspq.o)
                0x8002b5a0                rspq_next_buffer
 .text.rspq_block_run
                0x8002b880      0x100 /n64_toolchain/lib/gcc/mips64-elf/14.2.0/../../../../mips64-elf/lib/libdragon.a(rspq.o)
                0x8002b880                rspq_block_run
 .text.rspq_syncpoint_new
                0x8002b980       0xe0 /n64_toolchain/lib/gcc/mips64-elf/14.2.0/../../../../mips64-elf/lib/libdragon.a(rspq.o)
                0x8002b980                rspq_syncpoint_new
 .text.rspq_overlay_register_internal
                0x8002ba60      0x540 /n64_toolchain/lib/gcc/mips64-elf/14.2.0/../../../../mips64-elf/lib/libdragon.a(rspq.o)
 .text.rspq_overlay_register
                0x8002bfa0       0x20 /n64_toolchain/lib/gcc/mips64-elf/14.2.0/../../../../mips64-elf/lib/libdragon.a(rspq.o)
                0x8002bfa0                rspq_overlay_register
 .text.rspq_overlay_register_static
                0x8002bfc0       0x60 /n64_toolchain/lib/gcc/mips64-elf/14.2.0/../../../../mips64-elf/lib/libdragon.a(rspq.o)
                0x8002bfc0                rspq_overlay_register_static
 .text.rspq_highpri_sync
                0x8002c020      0x160 /n64_toolchain/lib/gcc/mips64-elf/14.2.0/../../../../mips64-elf/lib/libdragon.a(rspq.o)
                0x8002c020                rspq_highpri_sync
 .text.rspq_syncpoint_wait
                0x8002c180      0x160 /n64_toolchain/lib/gcc/mips64-elf/14.2.0/../../../../mips64-elf/lib/libdragon.a(rspq.o)
                0x8002c180                rspq_syncpoint_wait
 .text.rspq_wait
                0x8002c2e0      0x240 /n64_toolchain/lib/gcc/mips64-elf/14.2.0/../../../../mips64-elf/lib/libdragon.a(rspq.o)
                0x8002c2e0                rspq_wait
 .text.rspq_overlay_get_state
                0x8002c520      0x160 /n64_toolchain/lib/gcc/mips64-elf/14.2.0/../../../../mips64-elf/lib/libdragon.a(rspq.o)
                0x8002c520                rspq_overlay_get_state
 .text.__rdpq_interrupt
                0x8002c680       0xc0 /n64_toolchain/lib/gcc/mips64-elf/14.2.0/../../../../mips64-elf/lib/libdragon.a(rdpq.o)
 .text.rdpq_assert_handler
                0x8002c740       0xc0 /n64_toolchain/lib/gcc/mips64-elf/14.2.0/../../../../mips64-elf/lib/libdragon.a(rdpq.o)
 .text.rdpq_set_tile
                0x8002c800      0x2a0 /n64_toolchain/lib/gcc/mips64-elf/14.2.0/../../../../mips64-elf/lib/libdragon.a(rdpq.o)
                0x8002c800                rdpq_set_tile
 .text.rdpq_config_set
                0x8002caa0       0x20 /n64_toolchain/lib/gcc/mips64-elf/14.2.0/../../../../mips64-elf/lib/libdragon.a(rdpq.o)
                0x8002caa0                rdpq_config_set
 .text.rdpq_config_disable
                0x8002cac0       0x20 /n64_toolchain/lib/gcc/mips64-elf/14.2.0/../../../../mips64-elf/lib/libdragon.a(rdpq.o)
                0x8002cac0                rdpq_config_disable
 .text.__rdpq_block_begin
                0x8002cae0       0x40 /n64_toolchain/lib/gcc/mips64-elf/14.2.0/../../../../mips64-elf/lib/libdragon.a(rdpq.o)
                0x8002cae0                __rdpq_block_begin
 .text.__rdpq_block_next_buffer
                0x8002cb20      0x1e0 /n64_toolchain/lib/gcc/mips64-elf/14.2.0/../../../../mips64-elf/lib/libdragon.a(rdpq.o)
                0x8002cb20                __rdpq_block_next_buffer
 .text.rdpq_fence
                0x8002cd00      0x140 /n64_toolchain/lib/gcc/mips64-elf/14.2.0/../../../../mips64-elf/lib/libdragon.a(rdpq.o)
                0x8002cd00                rdpq_fence
 .text.__rdpq_block_end
                0x8002ce40       0x40 /n64_toolchain/lib/gcc/mips64-elf/14.2.0/../../../../mips64-elf/lib/libdragon.a(rdpq.o)
                0x8002ce40                __rdpq_block_end
 .text.__rdpq_block_run
                0x8002ce80       0xa0 /n64_toolchain/lib/gcc/mips64-elf/14.2.0/../../../../mips64-elf/lib/libdragon.a(rdpq.o)
                0x8002ce80                __rdpq_block_run
 .text.__rdpq_block_reserve
                0x8002cf20      0x120 /n64_toolchain/lib/gcc/mips64-elf/14.2.0/../../../../mips64-elf/lib/libdragon.a(rdpq.o)
                0x8002cf20                __rdpq_block_reserve
 .text.__rdpq_block_update
                0x8002d040      0x120 /n64_toolchain/lib/gcc/mips64-elf/14.2.0/../../../../mips64-elf/lib/libdragon.a(rdpq.o)
                0x8002d040                __rdpq_block_update
 .text.__rdpq_write8
                0x8002d160       0xe0 /n64_toolchain/lib/gcc/mips64-elf/14.2.0/../../../../mips64-elf/lib/libdragon.a(rdpq.o)
                0x8002d160                __rdpq_write8
 .text.__rdpq_autosync_change
                0x8002d240      0x140 /n64_toolchain/lib/gcc/mips64-elf/14.2.0/../../../../mips64-elf/lib/libdragon.a(rdpq.o)
                0x8002d240                __rdpq_autosync_change
 .text.__rdpq_write8_syncchange
                0x8002d380       0x60 /n64_toolchain/lib/gcc/mips64-elf/14.2.0/../../../../mips64-elf/lib/libdragon.a(rdpq.o)
                0x8002d380                __rdpq_write8_syncchange
 .text.rdpq_set_blend_color
                0x8002d3e0       0x20 /n64_toolchain/lib/gcc/mips64-elf/14.2.0/../../../../mips64-elf/lib/libdragon.a(rdpq.o)
                0x8002d3e0                rdpq_set_blend_color
 .text.rdpq_set_env_color
                0x8002d400       0x20 /n64_toolchain/lib/gcc/mips64-elf/14.2.0/../../../../mips64-elf/lib/libdragon.a(rdpq.o)
                0x8002d400                rdpq_set_env_color
 .text.__rdpq_fixup_write8_syncchange
                0x8002d420      0x140 /n64_toolchain/lib/gcc/mips64-elf/14.2.0/../../../../mips64-elf/lib/libdragon.a(rdpq.o)
                0x8002d420                __rdpq_fixup_write8_syncchange
 .text.rdpq_set_prim_color
                0x8002d560       0x20 /n64_toolchain/lib/gcc/mips64-elf/14.2.0/../../../../mips64-elf/lib/libdragon.a(rdpq.o)
                0x8002d560                rdpq_set_prim_color
 .text.__rdpq_write8_syncchangeuse
                0x8002d580       0x80 /n64_toolchain/lib/gcc/mips64-elf/14.2.0/../../../../mips64-elf/lib/libdragon.a(rdpq.o)
                0x8002d580                __rdpq_write8_syncchangeuse
 .text.__rdpq_set_scissor
                0x8002d600      0x100 /n64_toolchain/lib/gcc/mips64-elf/14.2.0/../../../../mips64-elf/lib/libdragon.a(rdpq.o)
                0x8002d600                __rdpq_set_scissor
 .text.__rdpq_set_fill_color
                0x8002d700      0x100 /n64_toolchain/lib/gcc/mips64-elf/14.2.0/../../../../mips64-elf/lib/libdragon.a(rdpq.o)
                0x8002d700                __rdpq_set_fill_color
 .text.__rdpq_set_color_image
                0x8002d800      0x140 /n64_toolchain/lib/gcc/mips64-elf/14.2.0/../../../../mips64-elf/lib/libdragon.a(rdpq.o)
                0x8002d800                __rdpq_set_color_image
 .text.rdpq_set_color_image
                0x8002d940      0x200 /n64_toolchain/lib/gcc/mips64-elf/14.2.0/../../../../mips64-elf/lib/libdragon.a(rdpq.o)
                0x8002d940                rdpq_set_color_image
 .text.rdpq_set_z_image
                0x8002db40       0xc0 /n64_toolchain/lib/gcc/mips64-elf/14.2.0/../../../../mips64-elf/lib/libdragon.a(rdpq.o)
                0x8002db40                rdpq_set_z_image
 .text.rdpq_set_texture_image
                0x8002dc00      0x160 /n64_toolchain/lib/gcc/mips64-elf/14.2.0/../../../../mips64-elf/lib/libdragon.a(rdpq.o)
                0x8002dc00                rdpq_set_texture_image
 .text.__rdpq_set_other_modes
                0x8002dd60      0x140 /n64_toolchain/lib/gcc/mips64-elf/14.2.0/../../../../mips64-elf/lib/libdragon.a(rdpq.o)
                0x8002dd60                __rdpq_set_other_modes
 .text.rdpq_init
                0x8002dea0      0x1c0 /n64_toolchain/lib/gcc/mips64-elf/14.2.0/../../../../mips64-elf/lib/libdragon.a(rdpq.o)
                0x8002dea0                rdpq_init
 .text.__rdpq_change_other_modes
                0x8002e060      0x180 /n64_toolchain/lib/gcc/mips64-elf/14.2.0/../../../../mips64-elf/lib/libdragon.a(rdpq.o)
                0x8002e060                __rdpq_change_other_modes
 .text.rdpq_set_tile_autotmem
                0x8002e1e0       0xa0 /n64_toolchain/lib/gcc/mips64-elf/14.2.0/../../../../mips64-elf/lib/libdragon.a(rdpq.o)
                0x8002e1e0                rdpq_set_tile_autotmem
 .text.rdpq_sync_full
                0x8002e280      0x120 /n64_toolchain/lib/gcc/mips64-elf/14.2.0/../../../../mips64-elf/lib/libdragon.a(rdpq.o)
                0x8002e280                rdpq_sync_full
 .text.rdpq_sync_pipe
                0x8002e3a0       0x60 /n64_toolchain/lib/gcc/mips64-elf/14.2.0/../../../../mips64-elf/lib/libdragon.a(rdpq.o)
                0x8002e3a0                rdpq_sync_pipe
 .text.rdpq_sync_tile
                0x8002e400       0x60 /n64_toolchain/lib/gcc/mips64-elf/14.2.0/../../../../mips64-elf/lib/libdragon.a(rdpq.o)
                0x8002e400                rdpq_sync_tile
 .text.rdpq_sync_load
                0x8002e460       0x60 /n64_toolchain/lib/gcc/mips64-elf/14.2.0/../../../../mips64-elf/lib/libdragon.a(rdpq.o)
                0x8002e460                rdpq_sync_load
 .text.__rdpq_fill_rectangle
                0x8002e4c0      0x120 /n64_toolchain/lib/gcc/mips64-elf/14.2.0/../../../../mips64-elf/lib/libdragon.a(rdpq_rect.o)
                0x8002e4c0                __rdpq_fill_rectangle
 .text.__rdpq_fill_rectangle_offline
                0x8002e5e0       0x80 /n64_toolchain/lib/gcc/mips64-elf/14.2.0/../../../../mips64-elf/lib/libdragon.a(rdpq_rect.o)
                0x8002e5e0                __rdpq_fill_rectangle_offline
 .text.__rdpq_texture_rectangle
                0x8002e660      0x1a0 /n64_toolchain/lib/gcc/mips64-elf/14.2.0/../../../../mips64-elf/lib/libdragon.a(rdpq_rect.o)
                0x8002e660                __rdpq_texture_rectangle
 .text.__rdpq_texture_rectangle_offline
                0x8002e800      0x240 /n64_toolchain/lib/gcc/mips64-elf/14.2.0/../../../../mips64-elf/lib/libdragon.a(rdpq_rect.o)
                0x8002e800                __rdpq_texture_rectangle_offline
 .text.__rdpq_texture_rectangle_scaled_offline
                0x8002ea40      0x280 /n64_toolchain/lib/gcc/mips64-elf/14.2.0/../../../../mips64-elf/lib/libdragon.a(rdpq_rect.o)
                0x8002ea40                __rdpq_texture_rectangle_scaled_offline
 .text.__rdpq_fixup_mode
                0x8002ecc0       0xc0 /n64_toolchain/lib/gcc/mips64-elf/14.2.0/../../../../mips64-elf/lib/libdragon.a(rdpq_mode.o)
                0x8002ecc0                __rdpq_fixup_mode
 .text.rdpq_mode_blender
                0x8002ed80       0x20 /n64_toolchain/lib/gcc/mips64-elf/14.2.0/../../../../mips64-elf/lib/libdragon.a(rdpq_mode.o)
                0x8002ed80                rdpq_mode_blender
 .text.__rdpq_fixup_mode3
                0x8002eda0       0xe0 /n64_toolchain/lib/gcc/mips64-elf/14.2.0/../../../../mips64-elf/lib/libdragon.a(rdpq_mode.o)
                0x8002eda0                __rdpq_fixup_mode3
 .text.__rdpq_mode_change_som
                0x8002ee80       0xa0 /n64_toolchain/lib/gcc/mips64-elf/14.2.0/../../../../mips64-elf/lib/libdragon.a(rdpq_mode.o)
                0x8002ee80                __rdpq_mode_change_som
 .text.rdpq_mode_dithering
                0x8002ef20       0x20 /n64_toolchain/lib/gcc/mips64-elf/14.2.0/../../../../mips64-elf/lib/libdragon.a(rdpq_mode.o)
                0x8002ef20                rdpq_mode_dithering
 .text.rdpq_mode_filter
                0x8002ef40       0x20 /n64_toolchain/lib/gcc/mips64-elf/14.2.0/../../../../mips64-elf/lib/libdragon.a(rdpq_mode.o)
                0x8002ef40                rdpq_mode_filter
 .text.rdpq_mode_persp
                0x8002ef60       0x20 /n64_toolchain/lib/gcc/mips64-elf/14.2.0/../../../../mips64-elf/lib/libdragon.a(rdpq_mode.o)
                0x8002ef60                rdpq_mode_persp
 .text.rdpq_mode_fog
                0x8002ef80       0xc0 /n64_toolchain/lib/gcc/mips64-elf/14.2.0/../../../../mips64-elf/lib/libdragon.a(rdpq_mode.o)
                0x8002ef80                rdpq_mode_fog
 .text.rdpq_mode_antialias
                0x8002f040       0x60 /n64_toolchain/lib/gcc/mips64-elf/14.2.0/../../../../mips64-elf/lib/libdragon.a(rdpq_mode.o)
                0x8002f040                rdpq_mode_antialias
 .text.__rdpq_fixup_mode4
                0x8002f0a0       0xe0 /n64_toolchain/lib/gcc/mips64-elf/14.2.0/../../../../mips64-elf/lib/libdragon.a(rdpq_mode.o)
                0x8002f0a0                __rdpq_fixup_mode4
 .text.rdpq_mode_combiner
                0x8002f180      0x100 /n64_toolchain/lib/gcc/mips64-elf/14.2.0/../../../../mips64-elf/lib/libdragon.a(rdpq_mode.o)
                0x8002f180                rdpq_mode_combiner
 .text.__rdpq_reset_render_mode
                0x8002f280      0x100 /n64_toolchain/lib/gcc/mips64-elf/14.2.0/../../../../mips64-elf/lib/libdragon.a(rdpq_mode.o)
                0x8002f280                __rdpq_reset_render_mode
 .text.rdpq_mode_push
                0x8002f380       0x40 /n64_toolchain/lib/gcc/mips64-elf/14.2.0/../../../../mips64-elf/lib/libdragon.a(rdpq_mode.o)
                0x8002f380                rdpq_mode_push
 .text.rdpq_mode_pop
                0x8002f3c0       0x20 /n64_toolchain/lib/gcc/mips64-elf/14.2.0/../../../../mips64-elf/lib/libdragon.a(rdpq_mode.o)
                0x8002f3c0                rdpq_mode_pop
 .text.__rdpq_set_mode_fill
                0x8002f3e0       0x80 /n64_toolchain/lib/gcc/mips64-elf/14.2.0/../../../../mips64-elf/lib/libdragon.a(rdpq_mode.o)
                0x8002f3e0                __rdpq_set_mode_fill
 .text.rdpq_set_mode_copy
                0x8002f460       0x80 /n64_toolchain/lib/gcc/mips64-elf/14.2.0/../../../../mips64-elf/lib/libdragon.a(rdpq_mode.o)
                0x8002f460                rdpq_set_mode_copy
 .text.rdpq_set_mode_standard
                0x8002f4e0       0xc0 /n64_toolchain/lib/gcc/mips64-elf/14.2.0/../../../../mips64-elf/lib/libdragon.a(rdpq_mode.o)
                0x8002f4e0                rdpq_set_mode_standard
 .text.rdpq_mode_begin
                0x8002f5a0       0x40 /n64_toolchain/lib/gcc/mips64-elf/14.2.0/../../../../mips64-elf/lib/libdragon.a(rdpq_mode.o)
                0x8002f5a0                rdpq_mode_begin
 .text.rdpq_mode_end
                0x8002f5e0       0x40 /n64_toolchain/lib/gcc/mips64-elf/14.2.0/../../../../mips64-elf/lib/libdragon.a(rdpq_mode.o)
                0x8002f5e0                rdpq_mode_end
 .text.sprite_upload_palette
                0x8002f620       0xe0 /n64_toolchain/lib/gcc/mips64-elf/14.2.0/../../../../mips64-elf/lib/libdragon.a(rdpq_sprite.o)
 .text.__rdpq_sprite_upload
                0x8002f700      0x540 /n64_toolchain/lib/gcc/mips64-elf/14.2.0/../../../../mips64-elf/lib/libdragon.a(rdpq_sprite.o)
                0x8002f700                __rdpq_sprite_upload
 .text.rdpq_sprite_upload
                0x8002fc40       0x20 /n64_toolchain/lib/gcc/mips64-elf/14.2.0/../../../../mips64-elf/lib/libdragon.a(rdpq_sprite.o)
                0x8002fc40                rdpq_sprite_upload
 .text.rdpq_sprite_blit
                0x8002fc60       0xc0 /n64_toolchain/lib/gcc/mips64-elf/14.2.0/../../../../mips64-elf/lib/libdragon.a(rdpq_sprite.o)
                0x8002fc60                rdpq_sprite_blit
 .text.texload_recalc_tileparms
                0x8002fd20      0x3e0 /n64_toolchain/lib/gcc/mips64-elf/14.2.0/../../../../mips64-elf/lib/libdragon.a(rdpq_tex.o)
 .text.texload_set_rect
                0x80030100      0x240 /n64_toolchain/lib/gcc/mips64-elf/14.2.0/../../../../mips64-elf/lib/libdragon.a(rdpq_tex.o)
 .text.tex_xblit_norotate_noscale
                0x80030340      0x1a0 /n64_toolchain/lib/gcc/mips64-elf/14.2.0/../../../../mips64-elf/lib/libdragon.a(rdpq_tex.o)
 .text.tex_xblit_norotate
                0x800304e0      0x1c0 /n64_toolchain/lib/gcc/mips64-elf/14.2.0/../../../../mips64-elf/lib/libdragon.a(rdpq_tex.o)
 .text.draw_cb.0
                0x800306a0      0x100 /n64_toolchain/lib/gcc/mips64-elf/14.2.0/../../../../mips64-elf/lib/libdragon.a(rdpq_tex.o)
 .text.draw_cb.1
                0x800307a0      0x160 /n64_toolchain/lib/gcc/mips64-elf/14.2.0/../../../../mips64-elf/lib/libdragon.a(rdpq_tex.o)
 .text.tex_xblit
                0x80030900      0x3a0 /n64_toolchain/lib/gcc/mips64-elf/14.2.0/../../../../mips64-elf/lib/libdragon.a(rdpq_tex.o)
 .text.draw_cb_multi_rot.2
                0x80030ca0      0x320 /n64_toolchain/lib/gcc/mips64-elf/14.2.0/../../../../mips64-elf/lib/libdragon.a(rdpq_tex.o)
 .text.draw_cb.3
                0x80030fc0      0x1c0 /n64_toolchain/lib/gcc/mips64-elf/14.2.0/../../../../mips64-elf/lib/libdragon.a(rdpq_tex.o)
 .text.rdpq_load_block.part.0
                0x80031180       0x40 /n64_toolchain/lib/gcc/mips64-elf/14.2.0/../../../../mips64-elf/lib/libdragon.a(rdpq_tex.o)
 .text.texload_tile
                0x800311c0      0x260 /n64_toolchain/lib/gcc/mips64-elf/14.2.0/../../../../mips64-elf/lib/libdragon.a(rdpq_tex.o)
 .text.texload_tile_4bpp
                0x80031420      0x380 /n64_toolchain/lib/gcc/mips64-elf/14.2.0/../../../../mips64-elf/lib/libdragon.a(rdpq_tex.o)
 .text.texload_block_4bpp
                0x800317a0      0x460 /n64_toolchain/lib/gcc/mips64-elf/14.2.0/../../../../mips64-elf/lib/libdragon.a(rdpq_tex.o)
 .text.texload_block_8bpp
                0x80031c00      0x400 /n64_toolchain/lib/gcc/mips64-elf/14.2.0/../../../../mips64-elf/lib/libdragon.a(rdpq_tex.o)
 .text.texload_block
                0x80032000      0x400 /n64_toolchain/lib/gcc/mips64-elf/14.2.0/../../../../mips64-elf/lib/libdragon.a(rdpq_tex.o)
 .text.tex_loader_load
                0x80032400      0x120 /n64_toolchain/lib/gcc/mips64-elf/14.2.0/../../../../mips64-elf/lib/libdragon.a(rdpq_tex.o)
                0x80032400                tex_loader_load
 .text.ltd_texloader
                0x80032520      0x220 /n64_toolchain/lib/gcc/mips64-elf/14.2.0/../../../../mips64-elf/lib/libdragon.a(rdpq_tex.o)
 .text.rdpq_tex_upload_sub
                0x80032740      0x240 /n64_toolchain/lib/gcc/mips64-elf/14.2.0/../../../../mips64-elf/lib/libdragon.a(rdpq_tex.o)
                0x80032740                rdpq_tex_upload_sub
 .text.rdpq_tex_upload
                0x80032980       0x40 /n64_toolchain/lib/gcc/mips64-elf/14.2.0/../../../../mips64-elf/lib/libdragon.a(rdpq_tex.o)
                0x80032980                rdpq_tex_upload
 .text.rdpq_tex_reuse_sub
                0x800329c0      0x520 /n64_toolchain/lib/gcc/mips64-elf/14.2.0/../../../../mips64-elf/lib/libdragon.a(rdpq_tex.o)